 Main_sfun

 Timestamp is 4e9dabe9 (Tue Oct 18 14:40:09 2011)

 Preferred load address is 0000000180000000

 Start         Length     Name                   Class
 0001:00000000 00036f04H .text                   CODE
 0001:00036f10 00000092H .text$x                 CODE
 0002:00000000 00000448H .idata$5                DATA
 0002:00000448 00000008H .CRT$XCA                DATA
 0002:00000450 00000008H .CRT$XCZ                DATA
 0002:00000458 00000008H .CRT$XIA                DATA
 0002:00000460 00000008H .CRT$XIAA               DATA
 0002:00000468 00000008H .CRT$XIZ                DATA
 0002:00000470 00004aacH .rdata                  DATA
 0002:00004f20 00000008H .rtc$IAA                DATA
 0002:00004f28 00000008H .rtc$IZZ                DATA
 0002:00004f30 00000008H .rtc$TAA                DATA
 0002:00004f38 00000008H .rtc$TZZ                DATA
 0002:00004f40 00003fbcH .xdata                  DATA
 0002:00008efc 0000008cH .idata$2                DATA
 0002:00008f88 00000014H .idata$3                DATA
 0002:00008fa0 00000448H .idata$4                DATA
 0002:000093e8 000009c2H .idata$6                DATA
 0002:00009db0 0000004fH .edata                  DATA
 0003:00000000 00001518H .data                   DATA
 0003:00001520 00002678H .bss                    DATA
 0004:00000000 00003060H .pdata                  DATA

  Address         Publics by Value              Rva+Base               Lib:Object

 0000:00000000       ___safe_se_handler_table   0000000000000000     <absolute>
 0000:00000000       ___safe_se_handler_count   0000000000000000     <absolute>
 0000:00000000       __ImageBase                0000000180000000     <linker-defined>
 0001:00000000       sf_c1_Main_get_eml_resolved_functions_info 0000000180001000 f   c1_Main.obj
 0001:00000080       sf_c1_Main_get_check_sum   0000000180001080 f   c1_Main.obj
 0001:00000100       sf_c1_Main_get_autoinheritance_info 0000000180001100 f   c1_Main.obj
 0001:00000960       sf_internal_get_sim_state_c1_Main 0000000180001960 f   c1_Main.obj
 0001:00000d40       sf_internal_set_sim_state_c1_Main 0000000180001d40 f   c1_Main.obj
 0001:00001650       c1_Main_method_dispatcher  0000000180002650 f   c1_Main.obj
 0001:00004b40       sf_process_check_sum_call  0000000180005b40 f   Main_sfun_registry.obj
 0001:00004b90       sf_process_autoinheritance_call 0000000180005b90 f   Main_sfun_registry.obj
 0001:00004d10       sf_process_get_eml_resolved_functions_info_call 0000000180005d10 f   Main_sfun_registry.obj
 0001:00004e90       sf_mex_unlock_call         0000000180005e90 f   Main_sfun_registry.obj
 0001:00004f40       sf_machine_global_initializer_called 0000000180005f40 f   Main_sfun_registry.obj
 0001:00004f70       sf_machine_global_method_dispatcher 0000000180005f70 f   Main_sfun_registry.obj
 0001:00004fd0       sf_machine_global_terminator 0000000180005fd0 f   Main_sfun_registry.obj
 0001:00005010       sf_register_machine_exported_symbols 0000000180006010 f   Main_sfun_registry.obj
 0001:00005030       callCustomFcn              0000000180006030 f   Main_sfun_registry.obj
 0001:00005040       sf_machine_global_initializer 0000000180006040 f   Main_sfun_registry.obj
 0001:000050b0       _ssSetStateAbsTol          00000001800060b0 f   Main_sfun_registry.obj
 0001:00005190       _ssGetAbsTol               0000000180006190 f   Main_sfun_registry.obj
 0001:00005200       _ssSetInputPortMatrixDimensions 0000000180006200 f   Main_sfun_registry.obj
 0001:00005310       _ssSetOutputPortMatrixDimensions 0000000180006310 f   Main_sfun_registry.obj
 0001:00005420       _ssSetInputPortVectorDimension 0000000180006420 f   Main_sfun_registry.obj
 0001:000054f0       _ssSetOutputPortVectorDimension 00000001800064f0 f   Main_sfun_registry.obj
 0001:000055c0       ssIsRunTimeParamTunable    00000001800065c0 f   Main_sfun_registry.obj
 0001:00005630       ssGetSFuncBlockHandle      0000000180006630 f   Main_sfun_registry.obj
 0001:000056a0       _ssGetCurrentInputPortWidth 00000001800066a0 f   Main_sfun_registry.obj
 0001:000057c0       _ssGetCurrentOutputPortWidth 00000001800067c0 f   Main_sfun_registry.obj
 0001:000058e0       _ssGetCallSystemNumFcnCallDestinations 00000001800068e0 f   Main_sfun_registry.obj
 0001:00005950       ssWarning                  0000000180006950 f   Main_sfun_registry.obj
 0001:00005a60       ssGetIsZeroCrossControlDisabled 0000000180006a60 f   Main_sfun_registry.obj
 0001:00005ad0       ssSetIsInputPortUsedForContZcSignal 0000000180006ad0 f   Main_sfun_registry.obj
 0001:00005b40       ssSetZcSignalIsZcElementDisc 0000000180006b40 f   Main_sfun_registry.obj
 0001:00005bf0       ssSetZcSignalName          0000000180006bf0 f   Main_sfun_registry.obj
 0001:00005c60       ssSetZcSignalWidth         0000000180006c60 f   Main_sfun_registry.obj
 0001:00005cd0       ssSetZcSignalZcEventType   0000000180006cd0 f   Main_sfun_registry.obj
 0001:00005d40       ssSetZcSignalType          0000000180006d40 f   Main_sfun_registry.obj
 0001:00005db0       ssSetZcSignalZcTol         0000000180006db0 f   Main_sfun_registry.obj
 0001:00005e20       ssSetZcSignalNeedsEventNotification 0000000180006e20 f   Main_sfun_registry.obj
 0001:00005e90       ssCreateAndAddZcSignalInfo 0000000180006e90 f   Main_sfun_registry.obj
 0001:00005f00       ssCloneAndAddZcSignalInfo  0000000180006f00 f   Main_sfun_registry.obj
 0001:00005f70       ssGetNumZcSignals          0000000180006f70 f   Main_sfun_registry.obj
 0001:00005fe0       ssGetZcSignalVector        0000000180006fe0 f   Main_sfun_registry.obj
 0001:00006050       ssGetZcSignalZcEvents      0000000180007050 f   Main_sfun_registry.obj
 0001:000060c0       ssGetZcSignalName          00000001800070c0 f   Main_sfun_registry.obj
 0001:00006130       ssGetZcSignalWidth         0000000180007130 f   Main_sfun_registry.obj
 0001:000061a0       ssGetZcSignalZcEventType   00000001800071a0 f   Main_sfun_registry.obj
 0001:00006210       ssGetZcSignalType          0000000180007210 f   Main_sfun_registry.obj
 0001:00006280       ssGetZcSignalZcTol         0000000180007280 f   Main_sfun_registry.obj
 0001:00006300       ssGetZcSignalNeedsEventNotification 0000000180007300 f   Main_sfun_registry.obj
 0001:00006370       ssGetZcSignalIsZcElementDisc 0000000180007370 f   Main_sfun_registry.obj
 0001:00006410       ssGetIsInputPortElementContinuous 0000000180007410 f   Main_sfun_registry.obj
 0001:000064b0       _ssGetInputPortSignalPtrsFcn 00000001800074b0 f   Main_sfun_registry.obj
 0001:00006770       _ssGetInputPortSignalFcn   0000000180007770 f   Main_sfun_registry.obj
 0001:00006990       _ssSetInputPortDirectFeedThroughFcn 0000000180007990 f   Main_sfun_registry.obj
 0001:00006af0       _ssSetInputPortReusableFcn 0000000180007af0 f   Main_sfun_registry.obj
 0001:00006be0       _ssSetOutputPortReusableFcn 0000000180007be0 f   Main_sfun_registry.obj
 0001:00006cc0       ssGetDTypeIdFromMxArray    0000000180007cc0 f   Main_sfun_registry.obj
 0001:00006de0       ssWriteRTWStr              0000000180007de0 f   Main_sfun_registry.obj
 0001:00006e40       ssWriteRTWMxVectParam      0000000180007e40 f   Main_sfun_registry.obj
 0001:00006ea0       ssWriteRTWMx2dMatParam     0000000180007ea0 f   Main_sfun_registry.obj
 0001:00006f20       ssWriteRTWNameValuePair    0000000180007f20 f   Main_sfun_registry.obj
 0001:00007410       ssWriteRTWParameters       0000000180008410 f   Main_sfun_registry.obj
 0001:00007a10       ssWriteRTWParamSettings    0000000180008a10 f   Main_sfun_registry.obj
 0001:000080e0       ssWriteRTWWorkVect         00000001800090e0 f   Main_sfun_registry.obj
 0001:000085e0       mexFunction                00000001800095e0 f   Main_sfun_registry.obj
 0001:0000a220       ProcessMexSfunctionEveryCall 000000018000b220 f   Main_sfun_registry.obj
 0001:0000a390       Main_initializer           000000018000b390 f   Main_sfun.obj
 0001:0000a3a0       Main_terminator            000000018000b3a0 f   Main_sfun.obj
 0001:0000a3b0       sf_Main_method_dispatcher  000000018000b3b0 f   Main_sfun.obj
 0001:0000a400       sf_Main_process_check_sum_call 000000018000b400 f   Main_sfun.obj
 0001:0000a810       sf_Main_autoinheritance_info 000000018000b810 f   Main_sfun.obj
 0001:0000a910       sf_Main_get_eml_resolved_functions_info 000000018000b910 f   Main_sfun.obj
 0001:0000aa40       Main_debug_initialize      000000018000ba40 f   Main_sfun.obj
 0001:0000aab0       Main_register_exported_symbols 000000018000bab0 f   Main_sfun.obj
 0001:0000ab60       sf_mex_mx_is_numeric       000000018000bb60 f   sfc_mex:sfc_mex.obj
 0001:0000aba0       strcmp_ignore_ws           000000018000bba0 f   sfc_mex:sfc_mex.obj
 0001:0000ace0       sf_mex_duplicatearraysafe  000000018000bce0 f   sfc_mex:sfc_mex.obj
 0001:0000ae40       sf_set_error_debugger_context_message_fcn 000000018000be40 f   sfc_mex:sfc_mex.obj
 0001:0000ae50       sf_set_debugger_matlab_error_fcn 000000018000be50 f   sfc_mex:sfc_mex.obj
 0001:0000ae80       sf_set_error_prefix_string 000000018000be80 f   sfc_mex:sfc_mex.obj
 0001:0000aeb0       sf_get_error_prefix_string 000000018000beb0 f   sfc_mex:sfc_mex.obj
 0001:0000aec0       sf_get_current_jmp_buf_ptr 000000018000bec0 f   sfc_mex:sfc_mex.obj
 0001:0000aed0       sf_set_current_jmp_buf_ptr 000000018000bed0 f   sfc_mex:sfc_mex.obj
 0001:0000aee0       sf_mex_set_halt_simulation 000000018000bee0 f   sfc_mex:sfc_mex.obj
 0001:0000aef0       sf_mex_get_halt_simulation 000000018000bef0 f   sfc_mex:sfc_mex.obj
 0001:0000af00       sf_mex_clear_error_message 000000018000bf00 f   sfc_mex:sfc_mex.obj
 0001:0000af20       sf_mex_get_error_message_for_read 000000018000bf20 f   sfc_mex:sfc_mex.obj
 0001:0000af30       sf_mex_get_error_message_buffer_length 000000018000bf30 f   sfc_mex:sfc_mex.obj
 0001:0000b010       sf_mex_warning_message     000000018000c010 f   sfc_mex:sfc_mex.obj
 0001:0000b080       sf_mex_v_errbuf_createf    000000018000c080 f   sfc_mex:sfc_mex.obj
 0001:0000b090       sf_mex_errbuf_createf      000000018000c090 f   sfc_mex:sfc_mex.obj
 0001:0000b0c0       sf_mex_v_errbuf_catf       000000018000c0c0 f   sfc_mex:sfc_mex.obj
 0001:0000b100       sf_mex_errbuf_catf         000000018000c100 f   sfc_mex:sfc_mex.obj
 0001:0000b150       sf_mex_errbuf_copy         000000018000c150 f   sfc_mex:sfc_mex.obj
 0001:0000b160       sf_mex_errbuf_clear        000000018000c160 f   sfc_mex:sfc_mex.obj
 0001:0000b170       sf_mex_errbuf_isempty      000000018000c170 f   sfc_mex:sfc_mex.obj
 0001:0000b280       sf_mex_set_error_status    000000018000c280 f   sfc_mex:sfc_mex.obj
 0001:0000b2d0       sf_mex_error_direct_call   000000018000c2d0 f   sfc_mex:sfc_mex.obj
 0001:0000b2f0       sf_mex_error_message_no_long_jump 000000018000c2f0 f   sfc_mex:sfc_mex.obj
 0001:0000b310       sf_mex_long_jump_on_error  000000018000c310 f   sfc_mex:sfc_mex.obj
 0001:0000b340       sf_mex_call_matlab         000000018000c340 f   sfc_mex:sfc_mex.obj
 0001:0000b460       sf_mex_check_builtin       000000018000c460 f   sfc_mex:sfc_mex.obj
 0001:0000b4a0       sf_mex_check_builtin_vs    000000018000c4a0 f   sfc_mex:sfc_mex.obj
 0001:0000b500       sf_mex_check_enum          000000018000c500 f   sfc_mex:sfc_mex.obj
 0001:0000b530       sf_mex_create_enum         000000018000c530 f   sfc_mex:sfc_mex.obj
 0001:0000b550       sf_mex_get_enum_element    000000018000c550 f   sfc_mex:sfc_mex.obj
 0001:0000b560       sf_mex_createcellarray     000000018000c560 f   sfc_mex:sfc_mex.obj
 0001:0000b570       sf_mex_setcell             000000018000c570 f   sfc_mex:sfc_mex.obj
 0001:0000b580       sf_mex_getcell             000000018000c580 f   sfc_mex:sfc_mex.obj
 0001:0000b590       sf_mex_dup                 000000018000c590 f   sfc_mex:sfc_mex.obj
 0001:0000b5b0       sf_mex_assign              000000018000c5b0 f   sfc_mex:sfc_mex.obj
 0001:0000b610       sf_mex_destroy             000000018000c610 f   sfc_mex:sfc_mex.obj
 0001:0000b640       mx_array_has_fi_type       000000018000c640 f   sfc_mex:sfc_mex.obj
 0001:0000b670       sf_mex_convert_from_fi     000000018000c670 f   sfc_mex:sfc_mex.obj
 0001:0000b720       sf_mex_convert_to_double   000000018000c720 f   sfc_mex:sfc_mex.obj
 0001:0000b840       sf_mex_import_fi_vs        000000018000c840 f   sfc_mex:sfc_mex.obj
 0001:0000ba00       sf_matrix_matrix_index_ok  000000018000ca00 f   sfc_mex:sfc_mex.obj
 0001:0000ba90       sf_vector_vector_index_ok  000000018000ca90 f   sfc_mex:sfc_mex.obj
 0001:0000bac0       ssGetCurrentInputPortDimensions_wrapper 000000018000cac0 f   sfc_mex:sfc_mex.obj
 0001:0000bae0       ssGetCurrentOutputPortDimensions_wrapper 000000018000cae0 f   sfc_mex:sfc_mex.obj
 0001:0000bb00       sf_mex_emlrt_context_is_debug_mode 000000018000cb00 f   sfc_mex:sfc_mex.obj
 0001:0000bb10       sf_mex_emlrt_context_set_debug_mode 000000018000cb10 f   sfc_mex:sfc_mex.obj
 0001:0000bb80       sf_clear_error_manager_info 000000018000cb80 f   sfc_mex:sfc_mex.obj
 0001:0000bbd0       sf_mex_stop_simulation_abruptly_wo_error 000000018000cbd0 f   sfc_mex:sfc_mex.obj
 0001:0000bc10       sf_mex_error_message       000000018000cc10 f   sfc_mex:sfc_mex.obj
 0001:0000bc70       sf_react_to_error_in_matlab_call 000000018000cc70 f   sfc_mex:sfc_mex.obj
 0001:0000bca0       sf_mex_addfield            000000018000cca0 f   sfc_mex:sfc_mex.obj
 0001:0000bd40       sf_mex_getfield            000000018000cd40 f   sfc_mex:sfc_mex.obj
 0001:0000c040       sf_mex_check_class         000000018000d040 f   sfc_mex:sfc_mex.obj
 0001:0000c130       sf_mex_is_real             000000018000d130 f   sfc_mex:sfc_mex.obj
 0001:0000c5a0       sf_mex_decode_encoded_mx_struct_array 000000018000d5a0 f   sfc_mex:sfc_mex.obj
 0001:0000c880       sf_mex_lw_bounds_check     000000018000d880 f   sfc_mex:sfc_mex.obj
 0001:0000c8b0       sf_mex_lw_size_eq_check_1d 000000018000d8b0 f   sfc_mex:sfc_mex.obj
 0001:0000c8d0       sf_mex_lw_size_eq_check_nd 000000018000d8d0 f   sfc_mex:sfc_mex.obj
 0001:0000cab0       sf_mex_lw_dim_size_eq_check 000000018000dab0 f   sfc_mex:sfc_mex.obj
 0001:0000cae0       sf_mex_lw_dim_size_geq_check 000000018000dae0 f   sfc_mex:sfc_mex.obj
 0001:0000cb10       sf_mex_lw_sub_assign_size_check_nd 000000018000db10 f   sfc_mex:sfc_mex.obj
 0001:0000cd40       sf_mex_lw_runtime_error_msgid 000000018000dd40 f   sfc_mex:sfc_mex.obj
 0001:0000ce30       sf_mex_lw_matrix_matrix_index_check 000000018000de30 f   sfc_mex:sfc_mex.obj
 0001:0000ce50       sf_mex_lw_vector_vector_index_check 000000018000de50 f   sfc_mex:sfc_mex.obj
 0001:0000ce90       sf_mex_lw_non_negative_check 000000018000de90 f   sfc_mex:sfc_mex.obj
 0001:0000ced0       sf_mex_overflow_error      000000018000ded0 f   sfc_mex:sfc_mex.obj
 0001:0000cee0       sf_mex_dividebyzero_error  000000018000dee0 f   sfc_mex:sfc_mex.obj
 0001:0000cef0       sf_mex_unsafe_enum_error   000000018000def0 f   sfc_mex:sfc_mex.obj
 0001:0000cf00       sf_emlrtErrHandler         000000018000df00 f   sfc_mex:sfc_mex.obj
 0001:0000cfc0       sf_mex_printf              000000018000dfc0 f   sfc_mex:sfc_mex.obj
 0001:0000d150       sf_mex_check_size          000000018000e150 f   sfc_mex:sfc_mex.obj
 0001:0000d420       sf_mex_check_struct        000000018000e420 f   sfc_mex:sfc_mex.obj
 0001:0000d680       sf_mex_check_struct_vs     000000018000e680 f   sfc_mex:sfc_mex.obj
 0001:0000d710       sf_mex_check_fi            000000018000e710 f   sfc_mex:sfc_mex.obj
 0001:0000d810       sf_mex_check_fi_vs         000000018000e810 f   sfc_mex:sfc_mex.obj
 0001:0000d8b0       sf_echo_expression         000000018000e8b0 f   sfc_mex:sfc_mex.obj
 0001:0000d910       sf_assertion_failed        000000018000e910 f   sfc_mex:sfc_mex.obj
 0001:0000dbf0       sf_mex_evalin              000000018000ebf0 f   sfc_mex:sfc_mex.obj
 0001:0000de60       sf_mex_export              000000018000ee60 f   sfc_mex:sfc_mex.obj
 0001:0000df20       sf_mex_get_ml_var_no_error 000000018000ef20 f   sfc_mex:sfc_mex.obj
 0001:0000e0c0       sf_mex_get_ml_var          000000018000f0c0 f   sfc_mex:sfc_mex.obj
 0001:0000e560       ml_set_element_value_in_array 000000018000f560 f   sfc_mex:sfc_mex.obj
 0001:0000fc30       sf_mex_call_impl           0000000180010c30 f   sfc_mex:sfc_mex.obj
 0001:00010160       sf_mex_call_debug          0000000180011160 f   sfc_mex:sfc_mex.obj
 0001:00010190       sf_mex_call                0000000180011190 f   sfc_mex:sfc_mex.obj
 0001:000107e0       sf_mex_createstruct        00000001800117e0 f   sfc_mex:sfc_mex.obj
 0001:000108d0       sf_mex_createstructarray   00000001800118d0 f   sfc_mex:sfc_mex.obj
 0001:00010950       sf_mex_get_mx_datatype_from_sf_datatype 0000000180011950 f   sfc_mex:sfc_mex.obj
 0001:00010c60       sf_mex_ml_var_sub          0000000180011c60 f   sfc_mex:sfc_mex.obj
 0001:00010e30       sf_mex_ml_var_subsasgn     0000000180011e30 f   sfc_mex:sfc_mex.obj
 0001:00011220       sf_mex_sub                 0000000180012220 f   sfc_mex:sfc_mex.obj
 0001:00011420       sf_mex_subsasgn            0000000180012420 f   sfc_mex:sfc_mex.obj
 0001:00011900       sf_mex_create              0000000180012900 f   sfc_mex:sfc_mex.obj
 0001:00012350       sf_mex_import_named        0000000180013350 f   sfc_mex:sfc_mex.obj
 0001:000123b0       sf_mex_import              00000001800133b0 f   sfc_mex:sfc_mex.obj
 0001:00012400       sf_mex_import_vs           0000000180013400 f   sfc_mex:sfc_mex.obj
 0001:00012510       sf_mex_lower_fixpt_mx_array 0000000180013510 f   sfc_mex:sfc_mex.obj
 0001:00012b00       sim_mode_is_rtw_gen        0000000180013b00 f   sfc_mex:sfc_sf.obj
 0001:00012b30       sim_mode_is_external       0000000180013b30 f   sfc_mex:sfc_sf.obj
 0001:00012b40       sim_mode_is_modelref_sim   0000000180013b40 f   sfc_mex:sfc_sf.obj
 0001:00012b60       mdlInitializeSizes         0000000180013b60 f   sfc_mex:sfc_sf.obj
 0001:00012b80       mdlInitializeSampleTimes   0000000180013b80 f   sfc_mex:sfc_sf.obj
 0001:00012bc0       mdlZeroCrossings           0000000180013bc0 f   sfc_mex:sfc_sf.obj
 0001:00012ca0       mdlDerivatives             0000000180013ca0 f   sfc_mex:sfc_sf.obj
 0001:00012d50       mdl_initialize_conditions_processing 0000000180013d50 f   sfc_mex:sfc_sf.obj
 0001:00012d80       mdlInitializeConditions    0000000180013d80 f   sfc_mex:sfc_sf.obj
 0001:00012e40       mdlGetSimState             0000000180013e40 f   sfc_mex:sfc_sf.obj
 0001:00012e50       mdlSetSimState             0000000180013e50 f   sfc_mex:sfc_sf.obj
 0001:00012e60       mdl_ext_mode_exec_processing 0000000180013e60 f   sfc_mex:sfc_sf.obj
 0001:00012e80       mdlExtModeExec             0000000180013e80 f   sfc_mex:sfc_sf.obj
 0001:00013010       mdlTerminate               0000000180014010 f   sfc_mex:sfc_sf.obj
 0001:00013080       mdlRTW                     0000000180014080 f   sfc_mex:sfc_sf.obj
 0001:000130b0       mdlSetWorkWidths           00000001800140b0 f   sfc_mex:sfc_sf.obj
 0001:000130c0       mdlProcessParameters       00000001800140c0 f   sfc_mex:sfc_sf.obj
 0001:000130d0       mdl_start_processing       00000001800140d0 f   sfc_mex:sfc_sf.obj
 0001:00013110       mdlStart                   0000000180014110 f   sfc_mex:sfc_sf.obj
 0001:00013200       mdlEnable                  0000000180014200 f   sfc_mex:sfc_sf.obj
 0001:000132d0       mdlDisable                 00000001800142d0 f   sfc_mex:sfc_sf.obj
 0001:00013380       sf_get_chart_instance_ptr  0000000180014380 f   sfc_mex:sfc_sf.obj
 0001:000133a0       sf_rtw_info_uint_prop      00000001800143a0 f   sfc_mex:sfc_sf.obj
 0001:00013510       sf_is_chart_inlinable      0000000180014510 f   sfc_mex:sfc_sf.obj
 0001:00013530       sf_mark_output_events_with_multiple_callers 0000000180014530 f   sfc_mex:sfc_sf.obj
 0001:000136f0       sf_mark_chart_reusable_outputs 00000001800146f0 f   sfc_mex:sfc_sf.obj
 0001:00013970       sf_mark_chart_expressionable_inputs 0000000180014970 f   sfc_mex:sfc_sf.obj
 0001:00013cd0       sf_get_subchart_simstruct  0000000180014cd0 f   sfc_mex:sfc_sf.obj
 0001:00013d20       sf_write_symbol_mapping    0000000180014d20 f   sfc_mex:sfc_sf.obj
 0001:00013f70       sf_get_fixpt_data_type_id  0000000180014f70 f   sfc_mex:sfc_sf.obj
 0001:00013fb0       sf_get_enum_data_type_id   0000000180014fb0 f   sfc_mex:sfc_sf.obj
 0001:00013ff0       sf_get_param_data_type_id  0000000180014ff0 f   sfc_mex:sfc_sf.obj
 0001:00014020       sf_mex_listen_for_ctrl_c_force 0000000180015020 f   sfc_mex:sfc_sf.obj
 0001:00014130       sf_mex_draw_now            0000000180015130 f   sfc_mex:sfc_sf.obj
 0001:00014170       sf_mex_set_debugger_sim_status_listener_fcn 0000000180015170 f   sfc_mex:sfc_sf.obj
 0001:00014180       sf_mex_listen_for_ctrl_c   0000000180015180 f   sfc_mex:sfc_sf.obj
 0001:00014210       sf_mex_get_sfun_param      0000000180015210 f   sfc_mex:sfc_sf.obj
 0001:00014260       sf_get_runtime_param_data  0000000180015260 f   sfc_mex:sfc_sf.obj
 0001:000142a0       sf_call_output_fcn_call    00000001800152a0 f   sfc_mex:sfc_sf.obj
 0001:000143e0       sf_call_output_fcn_enable  00000001800153e0 f   sfc_mex:sfc_sf.obj
 0001:00014470       sf_call_output_fcn_disable 0000000180015470 f   sfc_mex:sfc_sf.obj
 0001:00014500       sf_clear_rtw_identifier    0000000180015500 f   sfc_mex:sfc_sf.obj
 0001:00014cf0       sf_set_encoded_dwork_info  0000000180015cf0 f   sfc_mex:sfc_sf.obj
 0001:00014d40       sf_get_dwork_info_from_mat_file 0000000180015d40 f   sfc_mex:sfc_sf.obj
 0001:00014f30       sf_set_rtw_dwork_info      0000000180015f30 f   sfc_mex:sfc_sf.obj
 0001:000150a0       mdlOutputs                 00000001800160a0 f   sfc_mex:sfc_sf.obj
 0001:00015240       sf_debug_disp              0000000180016240 f   sfc_debug:sfcdebug.obj
 0001:000154a0       sf_debug_data_runtime_size_mismatch_error_check 00000001800164a0 f   sfc_debug:sfcdebug.obj
 0001:00015540       sf_debug_try_loading_machine 0000000180016540 f   sfc_debug:sfcdebug.obj
 0001:00015640       sf_debug_reset_current_state_configuration 0000000180016640 f   sfc_debug:sfcdebug.obj
 0001:000156d0       sf_debug_store_current_state_configuration 00000001800166d0 f   sfc_debug:sfcdebug.obj
 0001:00015760       sf_debug_restore_previous_state_configuration 0000000180016760 f   sfc_debug:sfcdebug.obj
 0001:000157f0       sf_debug_restore_previous_state_configuration2 00000001800167f0 f   sfc_debug:sfcdebug.obj
 0001:00015880       sf_debug_get_event_scope   0000000180016880 f   sfc_debug:sfcdebug.obj
 0001:000159f0       use_debugger_step_animation 00000001800169f0 f   sfc_debug:sfcdebug.obj
 0001:00015a10       sf_debug_get_script_id     0000000180016a10 f   sfc_debug:sfcdebug.obj
 0001:00015aa0       sf_debug_set_script_translation 0000000180016aa0 f   sfc_debug:sfcdebug.obj
 0001:00015b60       sf_debug_get_current_machine_id 0000000180016b60 f   sfc_debug:sfcdebug.obj
 0001:00015b80       sf_debug_get_current_optional_integer 0000000180016b80 f   sfc_debug:sfcdebug.obj
 0001:00015b90       sf_debug_get_current_machine_number 0000000180016b90 f   sfc_debug:sfcdebug.obj
 0001:00015bb0       sf_debug_get_current_machine_name 0000000180016bb0 f   sfc_debug:sfcdebug.obj
 0001:00015bd0       sf_debug_get_current_chart_id 0000000180016bd0 f   sfc_debug:sfcdebug.obj
 0001:00015c20       sf_debug_get_current_chart_number 0000000180016c20 f   sfc_debug:sfcdebug.obj
 0001:00015c30       sf_debug_get_current_instance_number 0000000180016c30 f   sfc_debug:sfcdebug.obj
 0001:00015c40       sf_debug_get_current_is_minor_time_step 0000000180016c40 f   sfc_debug:sfcdebug.obj
 0001:00015cc0       sf_debug_get_current_object_type 0000000180016cc0 f   sfc_debug:sfcdebug.obj
 0001:00015cd0       sf_debug_get_current_instance_handle 0000000180016cd0 f   sfc_debug:sfcdebug.obj
 0001:00015d30       sf_debug_get_current_event_type 0000000180016d30 f   sfc_debug:sfcdebug.obj
 0001:00015d40       sf_debug_get_current_object_id 0000000180016d40 f   sfc_debug:sfcdebug.obj
 0001:00015d80       sf_debug_get_current_active_event_type 0000000180016d80 f   sfc_debug:sfcdebug.obj
 0001:00015d90       sf_debug_get_current_active_event_id 0000000180016d90 f   sfc_debug:sfcdebug.obj
 0001:00015dd0       sf_debug_get_current_tag_type 0000000180016dd0 f   sfc_debug:sfcdebug.obj
 0001:00015de0       sf_debug_get_current_simulation_time 0000000180016de0 f   sfc_debug:sfcdebug.obj
 0001:00015df0       sf_debug_get_current_coverage_percentage 0000000180016df0 f   sfc_debug:sfcdebug.obj
 0001:00015e00       sf_debug_current_statement_context 0000000180016e00 f   sfc_debug:sfcdebug.obj
 0001:00015e90       sf_debug_get_current_statement_info 0000000180016e90 f   sfc_debug:sfcdebug.obj
 0001:00016010       sf_debug_terminate_instance 0000000180017010 f   sfc_debug:sfcdebug.obj
 0001:00016320       sf_debug_assertion_failed  0000000180017320 f   sfc_debug:sfcdebug.obj
 0001:000164d0       sf_debug_set_number_of_data_with_change_event_for_machine 00000001800174d0 f   sfc_debug:sfcdebug.obj
 0001:00016510       sf_debug_set_machine_event_thresholds 0000000180017510 f   sfc_debug:sfcdebug.obj
 0001:00016530       sf_debug_set_machine_event_scope 0000000180017530 f   sfc_debug:sfcdebug.obj
 0001:00016570       sf_debug_set_machine_data_thresholds 0000000180017570 f   sfc_debug:sfcdebug.obj
 0001:000165b0       sf_debug_set_machine_data_scope 00000001800175b0 f   sfc_debug:sfcdebug.obj
 0001:00016640       sf_debug_set_machine_data_name 0000000180017640 f   sfc_debug:sfcdebug.obj
 0001:000166e0       sf_debug_set_machine_data_size 00000001800176e0 f   sfc_debug:sfcdebug.obj
 0001:00016820       sf_debug_set_machine_data_type 0000000180017820 f   sfc_debug:sfcdebug.obj
 0001:00016990       sf_debug_get_chart_data_number 0000000180017990 f   sfc_debug:sfcdebug.obj
 0001:000169b0       sf_debug_get_chart_event_number 00000001800179b0 f   sfc_debug:sfcdebug.obj
 0001:000169d0       sf_debug_set_chart_state_info 00000001800179d0 f   sfc_debug:sfcdebug.obj
 0001:00016a50       sf_debug_set_chart_decomposition 0000000180017a50 f   sfc_debug:sfcdebug.obj
 0001:00016ac0       sf_debug_set_chart_substate_count 0000000180017ac0 f   sfc_debug:sfcdebug.obj
 0001:00016ba0       sf_debug_set_chart_substate_index 0000000180017ba0 f   sfc_debug:sfcdebug.obj
 0001:00016c10       sf_debug_set_chart_state_substate_count 0000000180017c10 f   sfc_debug:sfcdebug.obj
 0001:00016d20       sf_debug_set_chart_state_substate_index 0000000180017d20 f   sfc_debug:sfcdebug.obj
 0001:00016da0       sf_debug_set_number_of_data_with_change_event_for_chart 0000000180017da0 f   sfc_debug:sfcdebug.obj
 0001:00016e20       sf_debug_set_number_of_states_with_entry_event_for_chart 0000000180017e20 f   sfc_debug:sfcdebug.obj
 0001:00016e90       sf_debug_set_number_of_states_with_exit_event_for_chart 0000000180017e90 f   sfc_debug:sfcdebug.obj
 0001:00016f00       sf_debug_set_chart_disable_implicit_casting 0000000180017f00 f   sfc_debug:sfcdebug.obj
 0001:00016f70       sf_debug_set_chart_event_thresholds 0000000180017f70 f   sfc_debug:sfcdebug.obj
 0001:00016fe0       sf_debug_set_chart_data_compiled_props 0000000180017fe0 f   sfc_debug:sfcdebug.obj
 0001:00017330       sf_debug_set_chart_data_props 0000000180018330 f   sfc_debug:sfcdebug.obj
 0001:00017650       sf_debug_check_fi_license  0000000180018650 f   sfc_debug:sfcdebug.obj
 0001:00017840       sf_debug_symbol_scope_push 0000000180018840 f   sfc_debug:sfcdebug.obj
 0001:00017880       sf_debug_symbol_scope_push_eml 0000000180018880 f   sfc_debug:sfcdebug.obj
 0001:000178d0       sf_debug_symbol_scope_pop  00000001800188d0 f   sfc_debug:sfcdebug.obj
 0001:00017910       sf_debug_symbol_scope_add_importable 0000000180018910 f   sfc_debug:sfcdebug.obj
 0001:00017990       sf_debug_symbol_scope_add  0000000180018990 f   sfc_debug:sfcdebug.obj
 0001:00017a10       sf_debug_symbol_scope_add_dyn_importable 0000000180018a10 f   sfc_debug:sfcdebug.obj
 0001:00017ad0       sf_debug_symbol_scope_add_dyn 0000000180018ad0 f   sfc_debug:sfcdebug.obj
 0001:00017b00       sf_debug_symbol_scope_add_eml_importable 0000000180018b00 f   sfc_debug:sfcdebug.obj
 0001:00017b40       sf_debug_symbol_scope_add_eml 0000000180018b40 f   sfc_debug:sfcdebug.obj
 0001:00017b80       sf_debug_symbol_scope_add_eml_dyn_importable 0000000180018b80 f   sfc_debug:sfcdebug.obj
 0001:00017bf0       sf_debug_symbol_scope_add_eml_dyn 0000000180018bf0 f   sfc_debug:sfcdebug.obj
 0001:00017c50       sf_debug_symbol_switch     0000000180018c50 f   sfc_debug:sfcdebug.obj
 0001:00017c70       sf_debug_symbol_scope_add_verbose 0000000180018c70 f   sfc_debug:sfcdebug.obj
 0001:00017d40       sf_debug_set_machine_data_value_ptr 0000000180018d40 f   sfc_debug:sfcdebug.obj
 0001:00017d80       sf_debug_set_instance_data_value_ptr 0000000180018d80 f   sfc_debug:sfcdebug.obj
 0001:00017e40       sf_debug_unset_instance_data_value_ptr 0000000180018e40 f   sfc_debug:sfcdebug.obj
 0001:00017ef0       sf_debug_set_chart_event_scope 0000000180018ef0 f   sfc_debug:sfcdebug.obj
 0001:00017f70       sf_debug_set_chart_transition_coverage_maps 0000000180018f70 f   sfc_debug:sfcdebug.obj
 0001:00018080       sf_debug_set_chart_state_coverage_maps 0000000180019080 f   sfc_debug:sfcdebug.obj
 0001:00018160       sf_debug_set_instance_transition_coverage_weights 0000000180019160 f   sfc_debug:sfcdebug.obj
 0001:00018200       sf_debug_set_instance_state_coverage_weights 0000000180019200 f   sfc_debug:sfcdebug.obj
 0001:00018450       sf_debug_unload_machine    0000000180019450 f   sfc_debug:sfcdebug.obj
 0001:000184a0       sf_debug_load_machine      00000001800194a0 f   sfc_debug:sfcdebug.obj
 0001:000185a0       sf_debug_set_active_instance_in_data_dictionary 00000001800195a0 f   sfc_debug:sfcdebug.obj
 0001:00018780       sf_debug_set_active_instance 0000000180019780 f   sfc_debug:sfcdebug.obj
 0001:000188c0       sf_debug_chart_visiblity_change 00000001800198c0 f   sfc_debug:sfcdebug.obj
 0001:000189a0       sf_debug_select_chart      00000001800199a0 f   sfc_debug:sfcdebug.obj
 0001:00018a70       sf_debug_set_instance_cv_ids 0000000180019a70 f   sfc_debug:sfcdebug.obj
 0001:00018d80       sf_debug_select_charts     0000000180019d80 f   sfc_debug:sfcdebug.obj
 0001:00018ec0       sf_debug_initialized       0000000180019ec0 f   sfc_debug:sfcdebug.obj
 0001:00018ed0       sf_debug_is_uninterruptible 0000000180019ed0 f   sfc_debug:sfcdebug.obj
 0001:00018f00       sf_debug_initialize_debugger_gui 0000000180019f00 f   sfc_debug:sfcdebug.obj
 0001:000192f0       sf_debug_resume            000000018001a2f0 f   sfc_debug:sfcdebug.obj
 0001:00019310       sf_debug_go                000000018001a310 f   sfc_debug:sfcdebug.obj
 0001:00019320       sf_debug_break             000000018001a320 f   sfc_debug:sfcdebug.obj
 0001:00019330       sf_debug_step_over         000000018001a330 f   sfc_debug:sfcdebug.obj
 0001:00019340       sf_debug_step_out          000000018001a340 f   sfc_debug:sfcdebug.obj
 0001:00019350       sf_debug_set_disable_all_breakpoints 000000018001a350 f   sfc_debug:sfcdebug.obj
 0001:00019360       sf_debug_disable_all_breakpoints_and_go 000000018001a360 f   sfc_debug:sfcdebug.obj
 0001:00019370       sf_debug_break_on_chart_entry 000000018001a370 f   sfc_debug:sfcdebug.obj
 0001:00019380       sf_debug_break_on_event_broadcast 000000018001a380 f   sfc_debug:sfcdebug.obj
 0001:00019390       sf_debug_break_on_state_entry 000000018001a390 f   sfc_debug:sfcdebug.obj
 0001:000193a0       sf_debug_break_between_times 000000018001a3a0 f   sfc_debug:sfcdebug.obj
 0001:000193c0       sf_debug_browse_data       000000018001a3c0 f   sfc_debug:sfcdebug.obj
 0001:000193e0       sf_debug_watch_data        000000018001a3e0 f   sfc_debug:sfcdebug.obj
 0001:00019400       sf_debug_assign_data       000000018001a400 f   sfc_debug:sfcdebug.obj
 0001:00019420       sf_debug_whos              000000018001a420 f   sfc_debug:sfcdebug.obj
 0001:00019440       sf_debug_get_consistency_info 000000018001a440 f   sfc_debug:sfcdebug.obj
 0001:00019450       sf_debug_browse_trace      000000018001a450 f   sfc_debug:sfcdebug.obj
 0001:00019460       sf_debug_set_breakpoints   000000018001a460 f   sfc_debug:sfcdebug.obj
 0001:000195c0       sf_debug_set_eml_breakpoints 000000018001a5c0 f   sfc_debug:sfcdebug.obj
 0001:00019720       sf_debug_set_script_breakpoints 000000018001a720 f   sfc_debug:sfcdebug.obj
 0001:000197a0       sf_debug_add_script_breakpoints 000000018001a7a0 f   sfc_debug:sfcdebug.obj
 0001:00019810       sf_debug_clear_script_breakpoints 000000018001a810 f   sfc_debug:sfcdebug.obj
 0001:00019880       sf_debug_query_script_breakpoints 000000018001a880 f   sfc_debug:sfcdebug.obj
 0001:00019940       sf_debug_get_eml_script_id 000000018001a940 f   sfc_debug:sfcdebug.obj
 0001:00019990       sf_debug_set_watch         000000018001a990 f   sfc_debug:sfcdebug.obj
 0001:00019bc0       sf_debug_get_coverage      000000018001abc0 f   sfc_debug:sfcdebug.obj
 0001:00019bd0       sf_debug_get_instance_handle 000000018001abd0 f   sfc_debug:sfcdebug.obj
 0001:00019c60       sf_debug_get_active_states 000000018001ac60 f   sfc_debug:sfcdebug.obj
 0001:00019c70       sf_debug_get_animation     000000018001ac70 f   sfc_debug:sfcdebug.obj
 0001:00019c80       sf_debug_set_animation     000000018001ac80 f   sfc_debug:sfcdebug.obj
 0001:00019c90       sf_debug_animate           000000018001ac90 f   sfc_debug:sfcdebug.obj
 0001:00019cc0       sf_debug_cycle_detection_check 000000018001acc0 f   sfc_debug:sfcdebug.obj
 0001:00019cd0       sf_debug_data_range_check  000000018001acd0 f   sfc_debug:sfcdebug.obj
 0001:00019ce0       sf_debug_transition_conflict_check 000000018001ace0 f   sfc_debug:sfcdebug.obj
 0001:00019cf0       sf_debug_state_consistency_check 000000018001acf0 f   sfc_debug:sfcdebug.obj
 0001:00019d00       sf_debug_data_range_check_enabled 000000018001ad00 f   sfc_debug:sfcdebug.obj
 0001:00019d20       sf_debug_transition_conflict_check_enabled 000000018001ad20 f   sfc_debug:sfcdebug.obj
 0001:00019d40       sf_debug_transition_conflict_check_begin 000000018001ad40 f   sfc_debug:sfcdebug.obj
 0001:00019d60       sf_debug_transition_conflict_check_end 000000018001ad60 f   sfc_debug:sfcdebug.obj
 0001:00019d80       sf_debug_stop_debugging    000000018001ad80 f   sfc_debug:sfcdebug.obj
 0001:00019db0       sf_debug_is_cycle_detected 000000018001adb0 f   sfc_debug:sfcdebug.obj
 0001:00019dc0       sf_debug_is_array_bounds_detected 000000018001adc0 f   sfc_debug:sfcdebug.obj
 0001:00019dd0       sf_debug_get_state_vectors_data_size 000000018001add0 f   sfc_debug:sfcdebug.obj
 0001:00019e10       sf_debug_get_state_vectors_data 000000018001ae10 f   sfc_debug:sfcdebug.obj
 0001:00019f10       sf_debug_set_state_vectors_data 000000018001af10 f   sfc_debug:sfcdebug.obj
 0001:0001a1d0       sf_debug_get_script_index  000000018001b1d0 f   sfc_debug:sfcdebug.obj
 0001:0001a360       sf_debug_add_script        000000018001b360 f   sfc_debug:sfcdebug.obj
 0001:0001a4f0       cv_eval_point              000000018001b4f0 f   sfc_debug:sfcdebug.obj
 0001:0001a660       sf_debug_cv_init_state     000000018001b660 f   sfc_debug:sfcdebug.obj
 0001:0001a780       sf_debug_cv_init_chart     000000018001b780 f   sfc_debug:sfcdebug.obj
 0001:0001a860       sf_debug_cv_init_trans     000000018001b860 f   sfc_debug:sfcdebug.obj
 0001:0001a9d0       cv_eml_init_script         000000018001b9d0 f   sfc_debug:sfcdebug.obj
 0001:0001aab0       cv_eml_init_fcn            000000018001bab0 f   sfc_debug:sfcdebug.obj
 0001:0001ab60       cv_eml_init_testobjective  000000018001bb60 f   sfc_debug:sfcdebug.obj
 0001:0001ac10       cv_eml_init_if             000000018001bc10 f   sfc_debug:sfcdebug.obj
 0001:0001acc0       cv_eml_init_for            000000018001bcc0 f   sfc_debug:sfcdebug.obj
 0001:0001ad70       cv_eml_init_while          000000018001bd70 f   sfc_debug:sfcdebug.obj
 0001:0001ae20       cv_eml_init_mcdc           000000018001be20 f   sfc_debug:sfcdebug.obj
 0001:0001af20       cv_eml_init_switch         000000018001bf20 f   sfc_debug:sfcdebug.obj
 0001:0001b000       cv_eml_eval                000000018001c000 f   sfc_debug:sfcdebug.obj
 0001:0001b0e0       sf_debug_bm_is_a_eml_breakpoint 000000018001c0e0 f   sfc_debug:sfcdebug.obj
 0001:0001b230       sf_debug_temporal_threshold 000000018001c230 f   sfc_debug:sfcdebug.obj
 0001:0001b590       sf_debug_transition_conflict_error 000000018001c590 f   sfc_debug:sfcdebug.obj
 0001:0001b910       sf_debug_state_inconsistency_error 000000018001c910 f   sfc_debug:sfcdebug.obj
 0001:0001ba30       sf_debug_check_for_state_inconsistency 000000018001ca30 f   sfc_debug:sfcdebug.obj
 0001:0001ba60       sf_debug_cycle_detecton_error 000000018001ca60 f   sfc_debug:sfcdebug.obj
 0001:0001c250       sf_debug_size_eq_check_1d  000000018001d250 f   sfc_debug:sfcdebug.obj
 0001:0001c270       sf_debug_size_eq_check_nd  000000018001d270 f   sfc_debug:sfcdebug.obj
 0001:0001c450       sf_debug_dim_size_eq_check 000000018001d450 f   sfc_debug:sfcdebug.obj
 0001:0001c480       sf_debug_dim_size_geq_check 000000018001d480 f   sfc_debug:sfcdebug.obj
 0001:0001c4b0       sf_debug_sub_assign_size_check_nd 000000018001d4b0 f   sfc_debug:sfcdebug.obj
 0001:0001c6f0       sf_debug_matrix_matrix_index_check 000000018001d6f0 f   sfc_debug:sfcdebug.obj
 0001:0001c720       sf_debug_vector_vector_index_check 000000018001d720 f   sfc_debug:sfcdebug.obj
 0001:0001c750       sf_debug_runtime_error_msgid 000000018001d750 f   sfc_debug:sfcdebug.obj
 0001:0001c7e0       sf_debug_data_array_bounds_error_check 000000018001d7e0 f   sfc_debug:sfcdebug.obj
 0001:0001c8f0       sf_debug_eml_data_array_bounds_error_check 000000018001d8f0 f   sfc_debug:sfcdebug.obj
 0001:0001cdd0       sf_debug_integer_check     000000018001ddd0 f   sfc_debug:sfcdebug.obj
 0001:0001ceb0       sf_debug_not_nan_check     000000018001deb0 f   sfc_debug:sfcdebug.obj
 0001:0001cf70       sf_debug_non_negative_check 000000018001df70 f   sfc_debug:sfcdebug.obj
 0001:0001d030       sf_debug_overflow_detection 000000018001e030 f   sfc_debug:sfcdebug.obj
 0001:0001d720       sf_debug_cast_to_real32_T  000000018001e720 f   sfc_debug:sfcdebug.obj
 0001:0001d7e0       sf_debug_cast_to_int8_T    000000018001e7e0 f   sfc_debug:sfcdebug.obj
 0001:0001d8a0       sf_debug_cast_to_uint8_T   000000018001e8a0 f   sfc_debug:sfcdebug.obj
 0001:0001d960       sf_debug_cast_to_int16_T   000000018001e960 f   sfc_debug:sfcdebug.obj
 0001:0001da20       sf_debug_cast_to_uint16_T  000000018001ea20 f   sfc_debug:sfcdebug.obj
 0001:0001dae0       sf_debug_cast_to_int32_T   000000018001eae0 f   sfc_debug:sfcdebug.obj
 0001:0001dba0       sf_debug_cast_to_uint32_T  000000018001eba0 f   sfc_debug:sfcdebug.obj
 0001:0001dc60       sf_debug_data_range_error  000000018001ec60 f   sfc_debug:sfcdebug.obj
 0001:0001e0e0       sf_debug_data_range_error_wrapper_min_max 000000018001f0e0 f   sfc_debug:sfcdebug.obj
 0001:0001e1d0       sf_debug_data_range_error_wrapper_min 000000018001f1d0 f   sfc_debug:sfcdebug.obj
 0001:0001e2b0       sf_debug_data_range_error_wrapper_max 000000018001f2b0 f   sfc_debug:sfcdebug.obj
 0001:0001e390       sf_debug_data_range_wrapper 000000018001f390 f   sfc_debug:sfcdebug.obj
 0001:0001e440       sf_debug_set_current_status_info 000000018001f440 f   sfc_debug:sfcdebug.obj
 0001:0001e7f0       sf_debug_call              000000018001f7f0 f   sfc_debug:sfcdebug.obj
 0001:0001f6b0       sf_debug_initialize_machine 00000001800206b0 f   sfc_debug:sfcdebug.obj
 0001:0001f9c0       sf_debug_initialize_chart  00000001800209c0 f   sfc_debug:sfcdebug.obj
 0001:0001fea0       sf_debug_ensure_script     0000000180020ea0 f   sfc_debug:sfcdebug.obj
 0001:0001ff60       cv_script_init_script      0000000180020f60 f   sfc_debug:sfcdebug.obj
 0001:00020040       cv_script_init_fcn         0000000180021040 f   sfc_debug:sfcdebug.obj
 0001:000200f0       cv_script_init_testobjective 00000001800210f0 f   sfc_debug:sfcdebug.obj
 0001:000201a0       cv_script_init_if          00000001800211a0 f   sfc_debug:sfcdebug.obj
 0001:00020250       cv_script_init_for         0000000180021250 f   sfc_debug:sfcdebug.obj
 0001:00020300       cv_script_init_while       0000000180021300 f   sfc_debug:sfcdebug.obj
 0001:000203b0       cv_script_init_mcdc        00000001800213b0 f   sfc_debug:sfcdebug.obj
 0001:000204b0       cv_script_init_switch      00000001800214b0 f   sfc_debug:sfcdebug.obj
 0001:00020590       cv_script_eval             0000000180021590 f   sfc_debug:sfcdebug.obj
 0001:00020670       eml_debug_line_call        0000000180021670 f   sfc_debug:sfcdebug.obj
 0001:00020820       sf_debug_terminate         0000000180021820 f   sfc_debug:sfcdebug.obj
 0001:00020990       sf_debug_set_script_cv_ids 0000000180021990 f   sfc_debug:sfcdebug.obj
 0001:00020b60       sf_debug_api               0000000180021b60 f   sfc_debug:sfc_api.obj
 0001:00022390       sf_debug_sm_terminate      0000000180023390 f   sfc_debug:sfdb_animation.obj
 0001:00022550       sf_debug_reset_path_objects 0000000180023550 f   sfc_debug:sfdb_animation.obj
 0001:000225d0       sf_debug_sm_reset_object_selection_status 00000001800235d0 f   sfc_debug:sfdb_animation.obj
 0001:00022670       sf_debug_sm_reset_state_buffer 0000000180023670 f   sfc_debug:sfdb_animation.obj
 0001:00022740       sf_debug_sm_store_state_buffer 0000000180023740 f   sfc_debug:sfdb_animation.obj
 0001:000227c0       sf_debug_sm_restore_state_buffer1 00000001800237c0 f   sfc_debug:sfdb_animation.obj
 0001:00022830       sf_debug_sm_restore_state_buffer2 0000000180023830 f   sfc_debug:sfdb_animation.obj
 0001:000228a0       sf_debug_sm_chart_active   00000001800238a0 f   sfc_debug:sfdb_animation.obj
 0001:000228f0       sf_debug_sm_select_active_objects 00000001800238f0 f   sfc_debug:sfdb_animation.obj
 0001:00022da0       sf_debug_sm_is_chart_active 0000000180023da0 f   sfc_debug:sfdb_animation.obj
 0001:00022de0       sf_debug_sm_is_state_active 0000000180023de0 f   sfc_debug:sfdb_animation.obj
 0001:00023020       sf_debug_sm_get_active_states 0000000180024020 f   sfc_debug:sfdb_animation.obj
 0001:000235e0       sf_debug_sm_initialize_instance 00000001800245e0 f   sfc_debug:sfdb_animation.obj
 0001:00023830       sf_debug_sm_change_object_selection_status 0000000180024830 f   sfc_debug:sfdb_animation.obj
 0001:00023b20       cv_create_interface        0000000180024b20 f   sfc_debug:cv_sfinterface.obj
 0001:00023e80       cv_init_trans              0000000180024e80 f   sfc_debug:cv_sfinterface.obj
 0001:00023ed0       cv_init_state              0000000180024ed0 f   sfc_debug:cv_sfinterface.obj
 0001:00023f40       cv_init_chart              0000000180024f40 f   sfc_debug:cv_sfinterface.obj
 0001:00023f90       cv_dec_update_call         0000000180024f90 f   sfc_debug:cv_sfinterface.obj
 0001:00023fd0       cv_cond_update_call        0000000180024fd0 f   sfc_debug:cv_sfinterface.obj
 0001:00024010       cv_sigrange_update         0000000180025010 f   sfc_debug:cv_sfinterface.obj
 0001:00024050       cvsf_eml_eval              0000000180025050 f   sfc_debug:cv_sfinterface.obj
 0001:00024130       cvsf_eml_init_script       0000000180025130 f   sfc_debug:cv_sfinterface.obj
 0001:000241b0       cvsf_eml_init_fcn          00000001800251b0 f   sfc_debug:cv_sfinterface.obj
 0001:00024210       cvsf_eml_init_testobjective 0000000180025210 f   sfc_debug:cv_sfinterface.obj
 0001:00024270       cvsf_eml_init_if           0000000180025270 f   sfc_debug:cv_sfinterface.obj
 0001:000242d0       cvsf_eml_init_for          00000001800252d0 f   sfc_debug:cv_sfinterface.obj
 0001:00024320       cvsf_eml_init_while        0000000180025320 f   sfc_debug:cv_sfinterface.obj
 0001:00024370       cvsf_eml_init_mcdc         0000000180025370 f   sfc_debug:cv_sfinterface.obj
 0001:00024400       cvsf_eml_init_switch       0000000180025400 f   sfc_debug:cv_sfinterface.obj
 0001:00024470       cvsf_script_eval           0000000180025470 f   sfc_debug:cv_sfinterface.obj
 0001:00024550       cvsf_script_init_script    0000000180025550 f   sfc_debug:cv_sfinterface.obj
 0001:000245d0       cvsf_script_init_fcn       00000001800255d0 f   sfc_debug:cv_sfinterface.obj
 0001:00024630       cvsf_script_init_testobjective 0000000180025630 f   sfc_debug:cv_sfinterface.obj
 0001:00024690       cvsf_script_init_if        0000000180025690 f   sfc_debug:cv_sfinterface.obj
 0001:000246f0       cvsf_script_init_for       00000001800256f0 f   sfc_debug:cv_sfinterface.obj
 0001:00024740       cvsf_script_init_while     0000000180025740 f   sfc_debug:cv_sfinterface.obj
 0001:00024790       cvsf_script_init_mcdc      0000000180025790 f   sfc_debug:cv_sfinterface.obj
 0001:00024820       cvsf_script_init_switch    0000000180025820 f   sfc_debug:cv_sfinterface.obj
 0001:00024890       cv_destroy_interface       0000000180025890 f   sfc_debug:cv_sfinterface.obj
 0001:000248b0       cv_create_instance_objects 00000001800258b0 f   sfc_debug:cv_sfinterface.obj
 0001:00024d60       cv_is_enabled              0000000180025d60 f   sfc_debug:cv_sfinterface.obj
 0001:00024d70       sf_debug_cv_initialize_script 0000000180025d70 f   sfc_debug:cv_sfinterface.obj
 0001:00024f20       sf_debug_cv_initialize_instance 0000000180025f20 f   sfc_debug:cv_sfinterface.obj
 0001:000252c0       sf_debug_cv_terminate_chart 00000001800262c0 f   sfc_debug:cv_sfinterface.obj
 0001:00025400       cv_call_trans_test         0000000180026400 f   sfc_debug:cv_sfinterface.obj
 0001:00025410       cv_call_sub_cond_test      0000000180026410 f   sfc_debug:cv_sfinterface.obj
 0001:00025540       sf_debug_hm_initialize_instance 0000000180026540 f   sfc_debug:sfdb_handle_management.obj
 0001:00025ac0       sf_debug_hm_get_object_id  0000000180026ac0 f   sfc_debug:sfdb_handle_management.obj
 0001:00027a30       sf_debug_object_is_eml_function 0000000180028a30 f   sfc_debug:sfdb_handle_management.obj
 0001:00027aa0       sf_debug_hm_initialize_ids_in_machine 0000000180028aa0 f   sfc_debug:sfdb_handle_management.obj
 0001:00027c10       sf_debug_hm_initialize_ids_in_chart 0000000180028c10 f   sfc_debug:sfdb_handle_management.obj
 0001:00027d50       sf_debug_hm_initialize_chart 0000000180028d50 f   sfc_debug:sfdb_handle_management.obj
 0001:00028500       sf_debug_hm_terminate      0000000180029500 f   sfc_debug:sfdb_handle_management.obj
 0001:00028560       sf_debug_hm_initialize_machine 0000000180029560 f   sfc_debug:sfdb_handle_management.obj
 0001:00028d10       sf_debug_st_initialize_machine 0000000180029d10 f   sfc_debug:sfdb_data_browse.obj
 0001:00028dd0       sf_debug_st_initialize_instance 0000000180029dd0 f   sfc_debug:sfdb_data_browse.obj
 0001:00029000       sf_debug_st_terminate      000000018002a000 f   sfc_debug:sfdb_data_browse.obj
 0001:000293a0       sf_debug_st_set_data_value_ptr_in_machine 000000018002a3a0 f   sfc_debug:sfdb_data_browse.obj
 0001:00029430       sf_debug_st_set_data_value_ptr_in_instance 000000018002a430 f   sfc_debug:sfdb_data_browse.obj
 0001:00029510       sf_debug_st_unset_data_value_ptr_in_machine 000000018002a510 f   sfc_debug:sfdb_data_browse.obj
 0001:00029580       sf_debug_st_unset_data_value_ptr_in_instance 000000018002a580 f   sfc_debug:sfdb_data_browse.obj
 0001:00029890       sf_debug_mx_value          000000018002a890 f   sfc_debug:sfdb_data_browse.obj
 0001:000298f0       sf_debug_mx_packed_vector  000000018002a8f0 f   sfc_debug:sfdb_data_browse.obj
 0001:000299d0       sf_debug_mx_uint_vector    000000018002a9d0 f   sfc_debug:sfdb_data_browse.obj
 0001:00029a90       sf_debug_st_get_double_value_from_void_ptr_vector 000000018002aa90 f   sfc_debug:sfdb_data_browse.obj
 0001:0002a580       sf_debug_st_browse_data    000000018002b580 f   sfc_debug:sfdb_data_browse.obj
 0001:0002ad20       sf_debug_ss_initialize     000000018002bd20 f   sfc_debug:sfdb_symbol_scope.obj
 0001:0002ad40       sf_debug_ss_terminate      000000018002bd40 f   sfc_debug:sfdb_symbol_scope.obj
 0001:0002add0       sf_debug_ss_push_symbol_scope 000000018002bdd0 f   sfc_debug:sfdb_symbol_scope.obj
 0001:0002aed0       sf_debug_ss_push_symbol_scope_eml 000000018002bed0 f   sfc_debug:sfdb_symbol_scope.obj
 0001:0002af30       sf_debug_ss_pop_symbol_scope 000000018002bf30 f   sfc_debug:sfdb_symbol_scope.obj
 0001:0002afe0       sf_debug_ss_add_symbol     000000018002bfe0 f   sfc_debug:sfdb_symbol_scope.obj
 0001:0002b140       sf_debug_ss_add_symbol_eml 000000018002c140 f   sfc_debug:sfdb_symbol_scope.obj
 0001:0002be20       sf_debug_ss_set_data_value 000000018002ce20 f   sfc_debug:sfdb_symbol_scope.obj
 0001:0002c2c0       sf_debug_ss_watch_data     000000018002d2c0 f   sfc_debug:sfdb_symbol_scope.obj
 0001:0002c360       sf_debug_ss_assign_data    000000018002d360 f   sfc_debug:sfdb_symbol_scope.obj
 0001:0002cd60       get_data_entry_name        000000018002dd60 f   sfc_debug:sfdb_symbol_scope.obj
 0001:0002cdb0       sf_debug_ss_whos           000000018002ddb0 f   sfc_debug:sfdb_symbol_scope.obj
 0001:0002d4c0       sf_debug_cc_initialize_chart 000000018002e4c0 f   sfc_debug:sfdb_coverage.obj
 0001:0002deb0       sf_debug_cc_initialize_instance 000000018002eeb0 f   sfc_debug:sfdb_coverage.obj
 0001:0002ecb0       sf_debug_cc_terminate      000000018002fcb0 f   sfc_debug:sfdb_coverage.obj
 0001:0002eda0       sf_debug_cc_set_transition_maps 000000018002fda0 f   sfc_debug:sfdb_coverage.obj
 0001:0002eed0       sf_debug_cc_set_state_maps 000000018002fed0 f   sfc_debug:sfdb_coverage.obj
 0001:0002efb0       sf_debug_cc_set_transition_weights 000000018002ffb0 f   sfc_debug:sfdb_coverage.obj
 0001:0002f280       sf_debug_cc_set_state_weights 0000000180030280 f   sfc_debug:sfdb_coverage.obj
 0001:0002f550       sf_debug_cc_mark_transition_guard 0000000180030550 f   sfc_debug:sfdb_coverage.obj
 0001:0002f5e0       sf_debug_cc_mark_transition_trigger 00000001800305e0 f   sfc_debug:sfdb_coverage.obj
 0001:0002f670       sf_debug_cc_mark_transition_decision 0000000180030670 f   sfc_debug:sfdb_coverage.obj
 0001:0002f6e0       sf_debug_cc_mark_transition_condition_action 00000001800306e0 f   sfc_debug:sfdb_coverage.obj
 0001:0002f730       sf_debug_cc_mark_transition_transition_action 0000000180030730 f   sfc_debug:sfdb_coverage.obj
 0001:0002f780       sf_debug_cc_mark_state_entry 0000000180030780 f   sfc_debug:sfdb_coverage.obj
 0001:0002f7d0       sf_debug_cc_mark_state_during 00000001800307d0 f   sfc_debug:sfdb_coverage.obj
 0001:0002f820       sf_debug_cc_mark_state_exit 0000000180030820 f   sfc_debug:sfdb_coverage.obj
 0001:00030060       sf_debug_cc_get_coverage   0000000180031060 f   sfc_debug:sfdb_coverage.obj
 0001:00030600       sf_debug_bm_clear_script_breakpoints 0000000180031600 f   sfc_debug:sfdb_breakpoints.obj
 0001:00030630       sf_debug_bm_set_script_breakpoint 0000000180031630 f   sfc_debug:sfdb_breakpoints.obj
 0001:000306b0       sf_debug_bm_clear_single_script_breakpoint 00000001800316b0 f   sfc_debug:sfdb_breakpoints.obj
 0001:00030730       sf_debug_bm_query_script_breakpoint 0000000180031730 f   sfc_debug:sfdb_breakpoints.obj
 0001:00030780       sf_debug_bm_initialize_scripts 0000000180031780 f   sfc_debug:sfdb_breakpoints.obj
 0001:00030ea0       sf_debug_bm_terminate      0000000180031ea0 f   sfc_debug:sfdb_breakpoints.obj
 0001:00031190       sf_debug_bm_remove_all_breakpoints_in_machine 0000000180032190 f   sfc_debug:sfdb_breakpoints.obj
 0001:00031200       sf_debug_bm_remove_all_breakpoints_in_chart 0000000180032200 f   sfc_debug:sfdb_breakpoints.obj
 0001:00031350       sf_debug_bm_initialize_global_breakpoints 0000000180032350 f   sfc_debug:sfdb_breakpoints.obj
 0001:000314d0       sf_debug_bm_set_breakpoint 00000001800324d0 f   sfc_debug:sfdb_breakpoints.obj
 0001:00031b00       sf_debug_bm_set_eml_breakpoint 0000000180032b00 f   sfc_debug:sfdb_breakpoints.obj
 0001:00031ba0       sf_debug_bm_initialize_machine_breakpoint_map 0000000180032ba0 f   sfc_debug:sfdb_breakpoints.obj
 0001:00031fc0       sf_debug_bm_is_a_breakpoint 0000000180032fc0 f   sfc_debug:sfdb_breakpoints.obj
 0001:000324e0       sf_debug_bm_get_all_breakpoints_in_machine 00000001800334e0 f   sfc_debug:sfdb_breakpoints.obj
 0001:000327e0       sf_debug_bm_get_all_breakpoints_in_chart 00000001800337e0 f   sfc_debug:sfdb_breakpoints.obj
 0001:000334a0       sf_debug_bm_initialize_machine 00000001800344a0 f   sfc_debug:sfdb_breakpoints.obj
 0001:00033570       sf_debug_bm_initialize_chart 0000000180034570 f   sfc_debug:sfdb_breakpoints.obj
 0001:00033990       sf_debug_sc_terminate      0000000180034990 f   sfc_debug:sfdb_state_consistency.obj
 0001:00033cc0       sf_debug_sc_is_chart_consistent 0000000180034cc0 f   sfc_debug:sfdb_state_consistency.obj
 0001:00033f70       sf_debug_sc_get_consistency_error_info 0000000180034f70 f   sfc_debug:sfdb_state_consistency.obj
 0001:000343c0       sf_debug_tm_terminate      00000001800353c0 f   sfc_debug:sfdb_call_stack.obj
 0001:00034480       sf_debug_tm_push_chart_instance 0000000180035480 f   sfc_debug:sfdb_call_stack.obj
 0001:000345d0       sf_debug_tm_pop_chart_instance 00000001800355d0 f   sfc_debug:sfdb_call_stack.obj
 0001:00034630       sf_debug_tm_push_trace_node 0000000180035630 f   sfc_debug:sfdb_call_stack.obj
 0001:000347c0       sf_debug_tm_pop_trace_node 00000001800357c0 f   sfc_debug:sfdb_call_stack.obj
 0001:00034840       sf_debug_tm_get_current_global_trace_index 0000000180035840 f   sfc_debug:sfdb_call_stack.obj
 0001:00034850       sf_debug_tm_get_current_local_trace_index 0000000180035850 f   sfc_debug:sfdb_call_stack.obj
 0001:00034880       sf_debug_tm_set_cycle_detected_flag 0000000180035880 f   sfc_debug:sfdb_call_stack.obj
 0001:000348c0       sf_debug_tm_set_cycle_started_flag 00000001800358c0 f   sfc_debug:sfdb_call_stack.obj
 0001:00034900       sf_debug_tm_get_chart_number_from_stack 0000000180035900 f   sfc_debug:sfdb_call_stack.obj
 0001:00034b00       sf_debug_tm_browse_trace   0000000180035b00 f   sfc_debug:sfdb_call_stack.obj
 0001:00034e40       sf_debug_cd_initialize_instance 0000000180035e40 f   sfc_debug:sfdb_cycle_detection.obj
 0001:000350f0       sf_debug_cd_mark_processed_transition_in_instance 00000001800360f0 f   sfc_debug:sfdb_cycle_detection.obj
 0001:00035190       sf_debug_cd_checksum_push  0000000180036190 f   sfc_debug:sfdb_cycle_detection.obj
 0001:00035450       sf_debug_cd_checksum_pop   0000000180036450 f   sfc_debug:sfdb_cycle_detection.obj
 0001:000354c0       sf_debug_cd_turn_off_cycle_detection 00000001800364c0 f   sfc_debug:sfdb_cycle_detection.obj
 0001:00035510       sf_debug_cd_terminate      0000000180036510 f   sfc_debug:sfdb_cycle_detection.obj
 0001:00035750       md5_initialize_state       0000000180036750 f   sfc_debug:ckmd5.obj
 0001:000361c0       md5_update_state           00000001800371c0 f   sfc_debug:ckmd5.obj
 0001:000361e0       md5_get_hash               00000001800371e0 f   sfc_debug:ckmd5.obj
 0001:00036210       md5_get_hash_for_a_single_string 0000000180037210 f   sfc_debug:ckmd5.obj
 0001:00036274       mxGetPr                    0000000180037274 f   libmx:libmx.dll
 0001:0003627a       mxCreateDoubleScalar       000000018003727a f   libmx:libmx.dll
 0001:00036280       mxSetField_730             0000000180037280 f   libmx:libmx.dll
 0001:00036286       mxCreateDoubleMatrix_730   0000000180037286 f   libmx:libmx.dll
 0001:0003628c       mxCreateStructMatrix_730   000000018003728c f   libmx:libmx.dll
 0001:00036292       mxDestroyArray             0000000180037292 f   libmx:libmx.dll
 0001:00036298       mxCreateString             0000000180037298 f   libmx:libmx.dll
 0001:0003629e       mxDuplicateArray           000000018003729e f   libmx:libmx.dll
 0001:000362a4       mxGetString_730            00000001800372a4 f   libmx:libmx.dll
 0001:000362aa       mxIsChar                   00000001800372aa f   libmx:libmx.dll
 0001:000362b0       mxGetClassID               00000001800372b0 f   libmx:libmx.dll
 0001:000362b6       mxIsNumeric                00000001800372b6 f   libmx:libmx.dll
 0001:000362bc       mxIsComplex                00000001800372bc f   libmx:libmx.dll
 0001:000362c2       mxGetN                     00000001800372c2 f   libmx:libmx.dll
 0001:000362c8       mxGetM                     00000001800372c8 f   libmx:libmx.dll
 0001:000362ce       mxCalloc                   00000001800372ce f   libmx:libmx.dll
 0001:000362d4       mxGetScalar                00000001800372d4 f   libmx:libmx.dll
 0001:000362da       mxIsLogical                00000001800372da f   libmx:libmx.dll
 0001:000362e0       mxCreateDoubleMatrix_700   00000001800372e0 f   libmx:libmx.dll
 0001:000362e6       mxFree                     00000001800372e6 f   libmx:libmx.dll
 0001:000362ec       mxArrayToString            00000001800372ec f   libmx:libmx.dll
 0001:000362f2       mxCreateCellMatrix_700     00000001800372f2 f   libmx:libmx.dll
 0001:000362f8       mxSetCell_700              00000001800372f8 f   libmx:libmx.dll
 0001:000362fe       mxGetCell_700              00000001800372fe f   libmx:libmx.dll
 0001:00036304       mxGetClassName             0000000180037304 f   libmx:libmx.dll
 0001:0003630a       mxSetField_700             000000018003730a f   libmx:libmx.dll
 0001:00036310       mxAddField                 0000000180037310 f   libmx:libmx.dll
 0001:00036316       mxGetField_700             0000000180037316 f   libmx:libmx.dll
 0001:0003631c       mxGetNumberOfElements      000000018003731c f   libmx:libmx.dll
 0001:00036322       mxIsStruct                 0000000180037322 f   libmx:libmx.dll
 0001:00036328       mxIsClass                  0000000180037328 f   libmx:libmx.dll
 0001:0003632e       mxGetLogicals              000000018003732e f   libmx:libmx.dll
 0001:00036334       mxIsSparse                 0000000180037334 f   libmx:libmx.dll
 0001:0003633a       mxSetFieldByNumber_700     000000018003733a f   libmx:libmx.dll
 0001:00036340       mxGetFieldByNumber_700     0000000180037340 f   libmx:libmx.dll
 0001:00036346       mxGetFieldNameByNumber     0000000180037346 f   libmx:libmx.dll
 0001:0003634c       mxGetNumberOfFields        000000018003734c f   libmx:libmx.dll
 0001:00036352       mxCreateStructMatrix_700   0000000180037352 f   libmx:libmx.dll
 0001:00036358       mxGetFieldNumber           0000000180037358 f   libmx:libmx.dll
 0001:0003635e       mxIsNaN                    000000018003735e f   libmx:libmx.dll
 0001:00036364       mxIsEmpty                  0000000180037364 f   libmx:libmx.dll
 0001:0003636a       mxGetData                  000000018003736a f   libmx:libmx.dll
 0001:00036370       mxGetImagData              0000000180037370 f   libmx:libmx.dll
 0001:00036376       mxArrayClassIDName         0000000180037376 f   libmx:libmx.dll
 0001:0003637c       mxCreateNumericMatrix_700  000000018003737c f   libmx:libmx.dll
 0001:00036382       mxCreateStructArray_700    0000000180037382 f   libmx:libmx.dll
 0001:00036388       mxCalcSingleSubscript_700  0000000180037388 f   libmx:libmx.dll
 0001:0003638e       mxGetDimensions_700        000000018003738e f   libmx:libmx.dll
 0001:00036394       mxGetNumberOfDimensions_700 0000000180037394 f   libmx:libmx.dll
 0001:0003639a       mxCreateNumericArray_700   000000018003739a f   libmx:libmx.dll
 0001:000363a0       mxGetElementSize           00000001800373a0 f   libmx:libmx.dll
 0001:000363a6       mxCreateStringFromNChars_700 00000001800373a6 f   libmx:libmx.dll
 0001:000363ac       mxGetString_700            00000001800373ac f   libmx:libmx.dll
 0001:000363b2       mxIsLogicalScalarTrue      00000001800373b2 f   libmx:libmx.dll
 0001:000363b8       mxCreateLogicalScalar      00000001800373b8 f   libmx:libmx.dll
 0001:000363be       mexUnlock                  00000001800373be f   libmex:libmex.dll
 0001:000363c4       mexIsLocked                00000001800373c4 f   libmex:libmex.dll
 0001:000363ca       mexWarnMsgTxt              00000001800373ca f   libmex:libmex.dll
 0001:000363d0       mexCallMATLAB              00000001800373d0 f   libmex:libmex.dll
 0001:000363d6       mexErrMsgTxt               00000001800373d6 f   libmex:libmex.dll
 0001:000363dc       mexSetTrapFlag             00000001800373dc f   libmex:libmex.dll
 0001:000363e2       mexMakeArrayPersistent     00000001800373e2 f   libmex:libmex.dll
 0001:000363e8       mexPutVariable             00000001800373e8 f   libmex:libmex.dll
 0001:000363ee       mexGetVariable             00000001800373ee f   libmex:libmex.dll
 0001:000363f4       mexLock                    00000001800373f4 f   libmex:libmex.dll
 0001:000363fa       mexMakeMemoryPersistent    00000001800373fa f   libmex:libmex.dll
 0001:00036400       mexFunctionName            0000000180037400 f   libmex:libmex.dll
 0001:00036406       ssRegisterDataTypeFxpFSlopeFixExpBias 0000000180037406 f   libfixedpoint:libfixedpoint.dll
 0001:0003640c       utVSNprintf                000000018003740c f   libut:libut.dll
 0001:00036412       utCPUtime                  0000000180037412 f   libut:libut.dll
 0001:00036418       utFree                     0000000180037418 f   libut:libut.dll
 0001:0003641e       utMalloc                   000000018003741e f   libut:libut.dll
 0001:00036424       emlrtCheckBuiltInCtxR2011a 0000000180037424 f   libemlrt:libemlrt.dll
 0001:0003642a       emlrtCheckVsBuiltInCtxR2011a 000000018003742a f   libemlrt:libemlrt.dll
 0001:00036430       emlrtCheckEnumR2009a       0000000180037430 f   libemlrt:libemlrt.dll
 0001:00036436       emlrtCreateEnumR2010a      0000000180037436 f   libemlrt:libemlrt.dll
 0001:0003643c       emlrtGetEnumElementR2009a  000000018003743c f   libemlrt:libemlrt.dll
 0001:00036442       emlrtCreateReference       0000000180037442 f   libemlrt:libemlrt.dll
 0001:00036448       emlrtImportVsFiArrayR2009b 0000000180037448 f   libemlrt:libemlrt.dll
 0001:0003644e       emlrtExtractMessageId      000000018003744e f   libemlrt:libemlrt.dll
 0001:00036454       emlrtTranslateMessageIDtoLCPstring 0000000180037454 f   libemlrt:libemlrt.dll
 0001:0003645a       emlrtGetEnumUnderlyingArrayR2009a 000000018003745a f   libemlrt:libemlrt.dll
 0001:00036460       emlrtIsEnumR2009a          0000000180037460 f   libemlrt:libemlrt.dll
 0001:00036466       memset                     0000000180037466 f   MSVCRT:MSVCR100.dll
 0001:0003646c       malloc                     000000018003746c f   MSVCRT:MSVCR100.dll
 0001:00036472       free                       0000000180037472 f   MSVCRT:MSVCR100.dll
 0001:00036478       __GSHandlerCheckCommon     0000000180037478 f   MSVCRT:gshandler.obj
 0001:000364dc       __GSHandlerCheck           00000001800374dc f   MSVCRT:gshandler.obj
 0001:000364fa       strcmp                     00000001800374fa f   MSVCRT:MSVCR100.dll
 0001:00036510       __security_check_cookie    0000000180037510 f   MSVCRT:amdsecgs.obj
 0001:00036530       sprintf                    0000000180037530 f   MSVCRT:MSVCR100.dll
 0001:00036536       strlen                     0000000180037536 f   MSVCRT:MSVCR100.dll
 0001:0003653c       strcat                     000000018003753c f   MSVCRT:MSVCR100.dll
 0001:00036542       memcpy                     0000000180037542 f   MSVCRT:MSVCR100.dll
 0001:00036548       NtCurrentTeb               0000000180037548 f i MSVCRT:crtdll.obj
 0001:000365b4       _CRT_INIT                  00000001800375b4 f   MSVCRT:crtdll.obj
 0001:0003694c       _DllMainCRTStartup         000000018003794c f   MSVCRT:crtdll.obj
 0001:0003698a       strncpy                    000000018003798a f   MSVCRT:MSVCR100.dll
 0001:000369a0       __chkstk                   00000001800379a0 f   MSVCRT:chkstk.obj
 0001:000369a0       _alloca_probe              00000001800379a0     MSVCRT:chkstk.obj
 0001:000369ee       longjmp                    00000001800379ee f   MSVCRT:MSVCR100.dll
 0001:000369f4       strncmp                    00000001800379f4 f   MSVCRT:MSVCR100.dll
 0001:000369fa       ceil                       00000001800379fa f   MSVCRT:MSVCR100.dll
 0001:00036a00       strrchr                    0000000180037a00 f   MSVCRT:MSVCR100.dll
 0001:00036a06       _setjmp                    0000000180037a06 f   MSVCRT:MSVCR100.dll
 0001:00036a0c       calloc                     0000000180037a0c f   MSVCRT:MSVCR100.dll
 0001:00036a12       realloc                    0000000180037a12 f   MSVCRT:MSVCR100.dll
 0001:00036a18       ldexp                      0000000180037a18 f   MSVCRT:MSVCR100.dll
 0001:00036a20       __report_gsfailure         0000000180037a20 f   MSVCRT:gs_report.obj
 0001:00036b6c       __clean_type_info_names    0000000180037b6c f   MSVCRT:tncleanup.obj
 0001:00036b78       _onexit                    0000000180037b78 f   MSVCRT:atonexit.obj
 0001:00036c28       atexit                     0000000180037c28 f   MSVCRT:atonexit.obj
 0001:00036c40       _RTC_Initialize            0000000180037c40 f   MSVCRT:_initsect_.obj
 0001:00036c78       _RTC_Terminate             0000000180037c78 f   MSVCRT:_initsect_.obj
 0001:00036cb0       _malloc_crt                0000000180037cb0 f   MSVCRT:MSVCR100.dll
 0001:00036cc0       _ValidateImageBase         0000000180037cc0 f   MSVCRT:pesect.obj
 0001:00036cf0       _FindPESection             0000000180037cf0 f   MSVCRT:pesect.obj
 0001:00036d40       _IsNonwritableInCurrentImage 0000000180037d40 f   MSVCRT:pesect.obj
 0001:00036d82       _initterm                  0000000180037d82 f   MSVCRT:MSVCR100.dll
 0001:00036d88       _initterm_e                0000000180037d88 f   MSVCRT:MSVCR100.dll
 0001:00036d8e       _encoded_null              0000000180037d8e f   MSVCRT:MSVCR100.dll
 0001:00036d94       _amsg_exit                 0000000180037d94 f   MSVCRT:MSVCR100.dll
 0001:00036d9a       __C_specific_handler       0000000180037d9a f   MSVCRT:MSVCR100.dll
 0001:00036da0       __CppXcptFilter            0000000180037da0 f   MSVCRT:MSVCR100.dll
 0001:00036da8       DllMain                    0000000180037da8 f   MSVCRT:dllmain.obj
 0001:00036dcc       __security_init_cookie     0000000180037dcc f   MSVCRT:gs_support.obj
 0001:00036e80       __crt_debugger_hook        0000000180037e80 f   MSVCRT:MSVCR100.dll
 0001:00036e86       __clean_type_info_names_internal 0000000180037e86 f   MSVCRT:MSVCR100.dll
 0001:00036e8c       _unlock                    0000000180037e8c f   MSVCRT:MSVCR100.dll
 0001:00036e92       __dllonexit                0000000180037e92 f   MSVCRT:MSVCR100.dll
 0001:00036e98       _lock                      0000000180037e98 f   MSVCRT:MSVCR100.dll
 0001:00036e9e       EncodePointer              0000000180037e9e f   kernel32:KERNEL32.dll
 0001:00036ea4       DecodePointer              0000000180037ea4 f   kernel32:KERNEL32.dll
 0001:00036eaa       Sleep                      0000000180037eaa f   kernel32:KERNEL32.dll
 0001:00036eb0       TerminateProcess           0000000180037eb0 f   kernel32:KERNEL32.dll
 0001:00036eb6       GetCurrentProcess          0000000180037eb6 f   kernel32:KERNEL32.dll
 0001:00036ebc       UnhandledExceptionFilter   0000000180037ebc f   kernel32:KERNEL32.dll
 0001:00036ec2       SetUnhandledExceptionFilter 0000000180037ec2 f   kernel32:KERNEL32.dll
 0001:00036ec8       IsDebuggerPresent          0000000180037ec8 f   kernel32:KERNEL32.dll
 0001:00036ece       RtlVirtualUnwind           0000000180037ece f   kernel32:KERNEL32.dll
 0001:00036ed4       RtlLookupFunctionEntry     0000000180037ed4 f   kernel32:KERNEL32.dll
 0001:00036eda       RtlCaptureContext          0000000180037eda f   kernel32:KERNEL32.dll
 0001:00036ee0       DisableThreadLibraryCalls  0000000180037ee0 f   kernel32:KERNEL32.dll
 0001:00036ee6       QueryPerformanceCounter    0000000180037ee6 f   kernel32:KERNEL32.dll
 0001:00036eec       GetTickCount               0000000180037eec f   kernel32:KERNEL32.dll
 0001:00036ef2       GetCurrentThreadId         0000000180037ef2 f   kernel32:KERNEL32.dll
 0001:00036ef8       GetCurrentProcessId        0000000180037ef8 f   kernel32:KERNEL32.dll
 0001:00036efe       GetSystemTimeAsFileTime    0000000180037efe f   kernel32:KERNEL32.dll
 0002:00000000       __imp_GetSystemTimeAsFileTime 0000000180038000     kernel32:KERNEL32.dll
 0002:00000008       __imp_GetCurrentProcessId  0000000180038008     kernel32:KERNEL32.dll
 0002:00000010       __imp_GetCurrentThreadId   0000000180038010     kernel32:KERNEL32.dll
 0002:00000018       __imp_GetTickCount         0000000180038018     kernel32:KERNEL32.dll
 0002:00000020       __imp_QueryPerformanceCounter 0000000180038020     kernel32:KERNEL32.dll
 0002:00000028       __imp_DisableThreadLibraryCalls 0000000180038028     kernel32:KERNEL32.dll
 0002:00000030       __imp_RtlCaptureContext    0000000180038030     kernel32:KERNEL32.dll
 0002:00000038       __imp_RtlLookupFunctionEntry 0000000180038038     kernel32:KERNEL32.dll
 0002:00000040       __imp_RtlVirtualUnwind     0000000180038040     kernel32:KERNEL32.dll
 0002:00000048       __imp_IsDebuggerPresent    0000000180038048     kernel32:KERNEL32.dll
 0002:00000050       __imp_SetUnhandledExceptionFilter 0000000180038050     kernel32:KERNEL32.dll
 0002:00000058       __imp_UnhandledExceptionFilter 0000000180038058     kernel32:KERNEL32.dll
 0002:00000060       __imp_GetCurrentProcess    0000000180038060     kernel32:KERNEL32.dll
 0002:00000068       __imp_TerminateProcess     0000000180038068     kernel32:KERNEL32.dll
 0002:00000070       __imp_Sleep                0000000180038070     kernel32:KERNEL32.dll
 0002:00000078       __imp_DecodePointer        0000000180038078     kernel32:KERNEL32.dll
 0002:00000080       __imp_EncodePointer        0000000180038080     kernel32:KERNEL32.dll
 0002:00000088       \177KERNEL32_NULL_THUNK_DATA 0000000180038088     kernel32:KERNEL32.dll
 0002:00000090       __imp__onexit              0000000180038090     MSVCRT:MSVCR100.dll
 0002:00000098       __imp__lock                0000000180038098     MSVCRT:MSVCR100.dll
 0002:000000a0       __imp___dllonexit          00000001800380a0     MSVCRT:MSVCR100.dll
 0002:000000a8       __imp__unlock              00000001800380a8     MSVCRT:MSVCR100.dll
 0002:000000b0       __imp___clean_type_info_names_internal 00000001800380b0     MSVCRT:MSVCR100.dll
 0002:000000b8       __imp___crt_debugger_hook  00000001800380b8     MSVCRT:MSVCR100.dll
 0002:000000c0       __imp___CppXcptFilter      00000001800380c0     MSVCRT:MSVCR100.dll
 0002:000000c8       __imp___C_specific_handler 00000001800380c8     MSVCRT:MSVCR100.dll
 0002:000000d0       __imp__amsg_exit           00000001800380d0     MSVCRT:MSVCR100.dll
 0002:000000d8       __imp__encoded_null        00000001800380d8     MSVCRT:MSVCR100.dll
 0002:000000e0       __imp__initterm_e          00000001800380e0     MSVCRT:MSVCR100.dll
 0002:000000e8       __imp__initterm            00000001800380e8     MSVCRT:MSVCR100.dll
 0002:000000f0       __imp__malloc_crt          00000001800380f0     MSVCRT:MSVCR100.dll
 0002:000000f8       __imp_ldexp                00000001800380f8     MSVCRT:MSVCR100.dll
 0002:00000100       __imp_realloc              0000000180038100     MSVCRT:MSVCR100.dll
 0002:00000108       __imp_calloc               0000000180038108     MSVCRT:MSVCR100.dll
 0002:00000110       __imp__setjmp              0000000180038110     MSVCRT:MSVCR100.dll
 0002:00000118       __imp_strrchr              0000000180038118     MSVCRT:MSVCR100.dll
 0002:00000120       __imp_ceil                 0000000180038120     MSVCRT:MSVCR100.dll
 0002:00000128       __imp_strncmp              0000000180038128     MSVCRT:MSVCR100.dll
 0002:00000130       __imp_longjmp              0000000180038130     MSVCRT:MSVCR100.dll
 0002:00000138       __imp_strncpy              0000000180038138     MSVCRT:MSVCR100.dll
 0002:00000140       __imp_memcpy               0000000180038140     MSVCRT:MSVCR100.dll
 0002:00000148       __imp_strcat               0000000180038148     MSVCRT:MSVCR100.dll
 0002:00000150       __imp_strlen               0000000180038150     MSVCRT:MSVCR100.dll
 0002:00000158       __imp_sprintf              0000000180038158     MSVCRT:MSVCR100.dll
 0002:00000160       __imp_strcmp               0000000180038160     MSVCRT:MSVCR100.dll
 0002:00000168       __imp_free                 0000000180038168     MSVCRT:MSVCR100.dll
 0002:00000170       __imp_malloc               0000000180038170     MSVCRT:MSVCR100.dll
 0002:00000178       __imp_memset               0000000180038178     MSVCRT:MSVCR100.dll
 0002:00000180       \177MSVCR100_NULL_THUNK_DATA 0000000180038180     MSVCRT:MSVCR100.dll
 0002:00000188       __imp_emlrtIsEnumR2009a    0000000180038188     libemlrt:libemlrt.dll
 0002:00000190       __imp_emlrtGetEnumUnderlyingArrayR2009a 0000000180038190     libemlrt:libemlrt.dll
 0002:00000198       __imp_emlrtTranslateMessageIDtoLCPstring 0000000180038198     libemlrt:libemlrt.dll
 0002:000001a0       __imp_emlrtExtractMessageId 00000001800381a0     libemlrt:libemlrt.dll
 0002:000001a8       __imp_emlrtImportVsFiArrayR2009b 00000001800381a8     libemlrt:libemlrt.dll
 0002:000001b0       __imp_emlrtCreateReference 00000001800381b0     libemlrt:libemlrt.dll
 0002:000001b8       __imp_emlrtCheckVsBuiltInCtxR2011a 00000001800381b8     libemlrt:libemlrt.dll
 0002:000001c0       __imp_emlrtCheckEnumR2009a 00000001800381c0     libemlrt:libemlrt.dll
 0002:000001c8       __imp_emlrtCreateEnumR2010a 00000001800381c8     libemlrt:libemlrt.dll
 0002:000001d0       __imp_emlrtGetEnumElementR2009a 00000001800381d0     libemlrt:libemlrt.dll
 0002:000001d8       __imp_emlrtCheckBuiltInCtxR2011a 00000001800381d8     libemlrt:libemlrt.dll
 0002:000001e0       \177libemlrt_NULL_THUNK_DATA 00000001800381e0     libemlrt:libemlrt.dll
 0002:000001e8       __imp_ssRegisterDataTypeFxpFSlopeFixExpBias 00000001800381e8     libfixedpoint:libfixedpoint.dll
 0002:000001f0       \177libfixedpoint_NULL_THUNK_DATA 00000001800381f0     libfixedpoint:libfixedpoint.dll
 0002:000001f8       __imp_mexGetVariable       00000001800381f8     libmex:libmex.dll
 0002:00000200       __imp_mexErrMsgTxt         0000000180038200     libmex:libmex.dll
 0002:00000208       __imp_mexMakeMemoryPersistent 0000000180038208     libmex:libmex.dll
 0002:00000210       __imp_mexFunctionName      0000000180038210     libmex:libmex.dll
 0002:00000218       __imp_mexLock              0000000180038218     libmex:libmex.dll
 0002:00000220       __imp_mexPutVariable       0000000180038220     libmex:libmex.dll
 0002:00000228       __imp_mexSetTrapFlag       0000000180038228     libmex:libmex.dll
 0002:00000230       __imp_mexCallMATLAB        0000000180038230     libmex:libmex.dll
 0002:00000238       __imp_mexWarnMsgTxt        0000000180038238     libmex:libmex.dll
 0002:00000240       __imp_mexIsLocked          0000000180038240     libmex:libmex.dll
 0002:00000248       __imp_mexUnlock            0000000180038248     libmex:libmex.dll
 0002:00000250       __imp_mexMakeArrayPersistent 0000000180038250     libmex:libmex.dll
 0002:00000258       \177libmex_NULL_THUNK_DATA 0000000180038258     libmex:libmex.dll
 0002:00000260       __imp_mxIsClass            0000000180038260     libmx:libmx.dll
 0002:00000268       __imp_mxCreateDoubleScalar 0000000180038268     libmx:libmx.dll
 0002:00000270       __imp_mxSetField_730       0000000180038270     libmx:libmx.dll
 0002:00000278       __imp_mxCreateDoubleMatrix_730 0000000180038278     libmx:libmx.dll
 0002:00000280       __imp_mxCreateStructMatrix_730 0000000180038280     libmx:libmx.dll
 0002:00000288       __imp_mxCreateLogicalScalar 0000000180038288     libmx:libmx.dll
 0002:00000290       __imp_mxIsLogicalScalarTrue 0000000180038290     libmx:libmx.dll
 0002:00000298       __imp_mxGetString_700      0000000180038298     libmx:libmx.dll
 0002:000002a0       __imp_mxCreateStringFromNChars_700 00000001800382a0     libmx:libmx.dll
 0002:000002a8       __imp_mxGetElementSize     00000001800382a8     libmx:libmx.dll
 0002:000002b0       __imp_mxCreateNumericArray_700 00000001800382b0     libmx:libmx.dll
 0002:000002b8       __imp_mxGetNumberOfDimensions_700 00000001800382b8     libmx:libmx.dll
 0002:000002c0       __imp_mxGetDimensions_700  00000001800382c0     libmx:libmx.dll
 0002:000002c8       __imp_mxCalcSingleSubscript_700 00000001800382c8     libmx:libmx.dll
 0002:000002d0       __imp_mxCreateStructArray_700 00000001800382d0     libmx:libmx.dll
 0002:000002d8       __imp_mxCreateNumericMatrix_700 00000001800382d8     libmx:libmx.dll
 0002:000002e0       __imp_mxArrayClassIDName   00000001800382e0     libmx:libmx.dll
 0002:000002e8       __imp_mxGetImagData        00000001800382e8     libmx:libmx.dll
 0002:000002f0       __imp_mxGetData            00000001800382f0     libmx:libmx.dll
 0002:000002f8       __imp_mxIsEmpty            00000001800382f8     libmx:libmx.dll
 0002:00000300       __imp_mxIsNaN              0000000180038300     libmx:libmx.dll
 0002:00000308       __imp_mxGetFieldNumber     0000000180038308     libmx:libmx.dll
 0002:00000310       __imp_mxCreateStructMatrix_700 0000000180038310     libmx:libmx.dll
 0002:00000318       __imp_mxGetNumberOfFields  0000000180038318     libmx:libmx.dll
 0002:00000320       __imp_mxGetFieldNameByNumber 0000000180038320     libmx:libmx.dll
 0002:00000328       __imp_mxGetFieldByNumber_700 0000000180038328     libmx:libmx.dll
 0002:00000330       __imp_mxSetFieldByNumber_700 0000000180038330     libmx:libmx.dll
 0002:00000338       __imp_mxIsSparse           0000000180038338     libmx:libmx.dll
 0002:00000340       __imp_mxGetLogicals        0000000180038340     libmx:libmx.dll
 0002:00000348       __imp_mxGetPr              0000000180038348     libmx:libmx.dll
 0002:00000350       __imp_mxIsStruct           0000000180038350     libmx:libmx.dll
 0002:00000358       __imp_mxGetNumberOfElements 0000000180038358     libmx:libmx.dll
 0002:00000360       __imp_mxGetField_700       0000000180038360     libmx:libmx.dll
 0002:00000368       __imp_mxAddField           0000000180038368     libmx:libmx.dll
 0002:00000370       __imp_mxSetField_700       0000000180038370     libmx:libmx.dll
 0002:00000378       __imp_mxGetClassName       0000000180038378     libmx:libmx.dll
 0002:00000380       __imp_mxGetCell_700        0000000180038380     libmx:libmx.dll
 0002:00000388       __imp_mxSetCell_700        0000000180038388     libmx:libmx.dll
 0002:00000390       __imp_mxCreateCellMatrix_700 0000000180038390     libmx:libmx.dll
 0002:00000398       __imp_mxArrayToString      0000000180038398     libmx:libmx.dll
 0002:000003a0       __imp_mxFree               00000001800383a0     libmx:libmx.dll
 0002:000003a8       __imp_mxCreateDoubleMatrix_700 00000001800383a8     libmx:libmx.dll
 0002:000003b0       __imp_mxIsLogical          00000001800383b0     libmx:libmx.dll
 0002:000003b8       __imp_mxGetScalar          00000001800383b8     libmx:libmx.dll
 0002:000003c0       __imp_mxCalloc             00000001800383c0     libmx:libmx.dll
 0002:000003c8       __imp_mxGetM               00000001800383c8     libmx:libmx.dll
 0002:000003d0       __imp_mxGetN               00000001800383d0     libmx:libmx.dll
 0002:000003d8       __imp_mxIsComplex          00000001800383d8     libmx:libmx.dll
 0002:000003e0       __imp_mxIsNumeric          00000001800383e0     libmx:libmx.dll
 0002:000003e8       __imp_mxGetClassID         00000001800383e8     libmx:libmx.dll
 0002:000003f0       __imp_mxIsChar             00000001800383f0     libmx:libmx.dll
 0002:000003f8       __imp_mxGetString_730      00000001800383f8     libmx:libmx.dll
 0002:00000400       __imp_mxDuplicateArray     0000000180038400     libmx:libmx.dll
 0002:00000408       __imp_mxCreateString       0000000180038408     libmx:libmx.dll
 0002:00000410       __imp_mxDestroyArray       0000000180038410     libmx:libmx.dll
 0002:00000418       \177libmx_NULL_THUNK_DATA  0000000180038418     libmx:libmx.dll
 0002:00000420       __imp_utCPUtime            0000000180038420     libut:libut.dll
 0002:00000428       __imp_utFree               0000000180038428     libut:libut.dll
 0002:00000430       __imp_utMalloc             0000000180038430     libut:libut.dll
[...]
 0001:0000e6c0       _ml_generic_castability_check 000000018000f6c0 f   sfc_mex:sfc_mex.obj
 0001:0000f420       ml_generic_castability_check 0000000180010420 f   sfc_mex:sfc_mex.obj
 0001:0000f4c0       ml_check_mx_array_for_single_castability 00000001800104c0 f   sfc_mex:sfc_mex.obj
 0001:0000f560       ml_check_mx_array_for_logical_castability 0000000180010560 f   sfc_mex:sfc_mex.obj
 0001:0000f600       ml_check_mx_array_for_int8_castability 0000000180010600 f   sfc_mex:sfc_mex.obj
 0001:0000f6b0       ml_check_mx_array_for_uint8_castability 00000001800106b0 f   sfc_mex:sfc_mex.obj
 0001:0000f710       ml_check_mx_array_for_int16_castability 0000000180010710 f   sfc_mex:sfc_mex.obj
 0001:0000f770       ml_check_mx_array_for_uint16_castability 0000000180010770 f   sfc_mex:sfc_mex.obj
 0001:0000f7d0       ml_check_mx_array_for_int32_castability 00000001800107d0 f   sfc_mex:sfc_mex.obj
 0001:0000f830       ml_check_mx_array_for_uint32_castability 0000000180010830 f   sfc_mex:sfc_mex.obj
 0001:0000f890       ml_check_mx_array_for_castability 0000000180010890 f   sfc_mex:sfc_mex.obj
 0001:000101c0       set_data_value             00000001800111c0 f   sfc_mex:sfc_mex.obj
 0001:00010530       get_data_value             0000000180011530 f   sfc_mex:sfc_mex.obj
 0001:00010640       get_next_element_address   0000000180011640 f   sfc_mex:sfc_mex.obj
 0001:00010710       sf_normalize_index         0000000180011710 f   sfc_mex:sfc_mex.obj
 0001:00010aa0       ml_array_index_bound_check 0000000180011aa0 f   sfc_mex:sfc_mex.obj
 0001:000115c0       mx_value                   00000001800125c0 f   sfc_mex:sfc_mex.obj
 0001:00011610       sf_create_numeric_array    0000000180012610 f   sfc_mex:sfc_mex.obj
 0001:000116b0       sf_mex_assign_to_mx_array  00000001800126b0 f   sfc_mex:sfc_mex.obj
 0001:00011a00       assign_from_mx_array       0000000180012a00 f   sfc_mex:sfc_mex.obj
 0001:00012230       sf_mex_import_v            0000000180013230 f   sfc_mex:sfc_mex.obj
 0001:00012800       get_machine_and_chart_file_number 0000000180013800 f   sfc_mex:sfc_sf.obj
 0001:000128f0       get_sfun_block_specialization 00000001800138f0 f   sfc_mex:sfc_sf.obj
 0001:00012970       call_sf_machine_global_method_dispatcher 0000000180013970 f   sfc_mex:sfc_sf.obj
 0001:00012ba0       mdl_zeroCrossings_processing 0000000180013ba0 f   sfc_mex:sfc_sf.obj
 0001:00012c70       mdl_derivatives_processing 0000000180013c70 f   sfc_mex:sfc_sf.obj
 0001:00012f30       mdl_outputs_continuous_legacy 0000000180013f30 f   sfc_mex:sfc_sf.obj
 0001:00012fb0       mdl_outputs_processing     0000000180013fb0 f   sfc_mex:sfc_sf.obj
 0001:000131e0       mdl_enable_processing      00000001800141e0 f   sfc_mex:sfc_sf.obj
 0001:000132b0       mdl_disable_processing     00000001800142b0 f   sfc_mex:sfc_sf.obj
 0001:00013c00       write_symbol_mapping       0000000180014c00 f   sfc_mex:sfc_sf.obj
 0001:00014320       sf_call_output_fcn_enable_disable 0000000180015320 f   sfc_mex:sfc_sf.obj
 0001:000145a0       set_dwork_information_from_mx_array 00000001800155a0 f   sfc_mex:sfc_sf.obj
 0001:00014e90       ptr2mxStruct               0000000180015e90 f   sfc_mex:sfc_sf.obj
 0001:000151a0       SNPRINTF_WRAPPER           00000001800161a0 f   sfc_debug:sfcdebug.obj
 0001:000151c0       sf_debug_chart_instance_initialized_quick 00000001800161c0 f   sfc_debug:sfcdebug.obj
 0001:000151d0       sf_debug_chart_instance_initialized 00000001800161d0 f   sfc_debug:sfcdebug.obj
 0001:00015370       sfrtAddSize                0000000180016370 f   sfc_debug:sfcdebug.obj
 0001:00015430       sfrtGenSizeString          0000000180016430 f   sfc_debug:sfcdebug.obj
 0001:00015b40       sf_debug_sim_status_listener 0000000180016b40 f   sfc_debug:sfcdebug.obj
 0001:000160b0       sf_debug_form_mask_bits    00000001800170b0 f   sfc_debug:sfcdebug.obj
 0001:000160f0       sf_debug_form_sf_data_type_offsets 00000001800170f0 f   sfc_debug:sfcdebug.obj
 0001:000161b0       sf_debug_free_all          00000001800171b0 f   sfc_debug:sfcdebug.obj
 0001:00016330       sf_debug_append_debugger_context 0000000180017330 f   sfc_debug:sfcdebug.obj
 0001:000165f0       local_strdup               00000001800175f0 f   sfc_debug:sfcdebug.obj
 0001:000174d0       sf_debug_em_terminate      00000001800184d0 f   sfc_debug:sfcdebug.obj
 0001:00017510       sf_debug_push_eml_function 0000000180018510 f   sfc_debug:sfcdebug.obj
 0001:000175b0       sf_debug_pop_eml_function  00000001800185b0 f   sfc_debug:sfcdebug.obj
 0001:000182b0       sf_debug_get_machine_number_from_id_or_name 00000001800192b0 f   sfc_debug:sfcdebug.obj
 0001:00018400       sf_debug_get_chart_number_from_id 0000000180019400 f   sfc_debug:sfcdebug.obj
 0001:00019070       sf_debug_transfer_control_to_debugger_GUI 000000018001a070 f   sfc_debug:sfcdebug.obj
 0001:0001a010       sf_debug_scripts_rehash    000000018001b010 f   sfc_debug:sfcdebug.obj
 0001:0001a250       sf_debug_get_script_line_count 000000018001b250 f   sfc_debug:sfcdebug.obj
 0001:0001a960       cv_eml_state_cvId          000000018001b960 f   sfc_debug:sfcdebug.obj
 0001:0001bb80       sf_debug_data_array_bounds_error 000000018001cb80 f   sfc_debug:sfcdebug.obj
 0001:0001bfb0       eml_debug_runtime_error_doclink 000000018001cfb0 f   sfc_debug:sfcdebug.obj
 0001:0001c130       sf_debug_runtime_error     000000018001d130 f   sfc_debug:sfcdebug.obj
 0001:0001c1a0       sf_debug_matlab_error      000000018001d1a0 f   sfc_debug:sfcdebug.obj
 0001:0001ca50       sf_debug_data_value_error  000000018001da50 f   sfc_debug:sfcdebug.obj
 0001:0001d350       sf_debug_data_loss_error   000000018001e350 f   sfc_debug:sfcdebug.obj
 0001:0001dfb0       call_cv_range_check        000000018001efb0 f   sfc_debug:sfcdebug.obj
 0001:0001e780       sf_debug_invoke_cycle_detection_code 000000018001f780 f   sfc_debug:sfcdebug.obj
 0001:0001f5f0       sf_reset_debug_info_struct 00000001800205f0 f   sfc_debug:sfcdebug.obj
 0001:0001fee0       cv_script_cvId             0000000180020ee0 f   sfc_debug:sfcdebug.obj
 0001:00020cd0       sfc_api_chart_visible      0000000180021cd0 f   sfc_debug:sfc_api.obj
 0001:00020d50       sfc_api_active_instance    0000000180021d50 f   sfc_debug:sfc_api.obj
 0001:00020dd0       sfc_api_machine_load       0000000180021dd0 f   sfc_debug:sfc_api.obj
 0001:00020ea0       sfc_api_debugger_alive     0000000180021ea0 f   sfc_debug:sfc_api.obj
 0001:00020eb0       sfc_api_go                 0000000180021eb0 f   sfc_debug:sfc_api.obj
 0001:00020ec0       sfc_api_step_over          0000000180021ec0 f   sfc_debug:sfc_api.obj
 0001:00020ed0       sfc_api_step_out           0000000180021ed0 f   sfc_debug:sfc_api.obj
 0001:00020ee0       sfc_api_resume             0000000180021ee0 f   sfc_debug:sfc_api.obj
 0001:00020ef0       sfc_api_break              0000000180021ef0 f   sfc_debug:sfc_api.obj
 0001:00020f00       sfc_api_stop_debugging     0000000180021f00 f   sfc_debug:sfc_api.obj
 0001:00020f50       sfc_api_is_cycle_detected  0000000180021f50 f   sfc_debug:sfc_api.obj
 0001:00020fa0       sfc_api_is_array_bounds_detected 0000000180021fa0 f   sfc_debug:sfc_api.obj
 0001:00020ff0       sfc_api_set_disable_all_breakpoints 0000000180021ff0 f   sfc_debug:sfc_api.obj
 0001:00021060       sfc_api_disable_all_breakpoints_and_go 0000000180022060 f   sfc_debug:sfc_api.obj
 0001:00021070       sfc_api_close              0000000180022070 f   sfc_debug:sfc_api.obj
 0001:00021080       sfc_api_browse_data        0000000180022080 f   sfc_debug:sfc_api.obj
 0001:000210f0       sfc_api_watch_data         00000001800220f0 f   sfc_debug:sfc_api.obj
 0001:00021190       sfc_api_assign_data        0000000180022190 f   sfc_debug:sfc_api.obj
 0001:00021230       sfc_api_whos               0000000180022230 f   sfc_debug:sfc_api.obj
 0001:000212c0       sfc_api_get_consistency_info 00000001800222c0 f   sfc_debug:sfc_api.obj
 0001:000212d0       sfc_api_browse_trace       00000001800222d0 f   sfc_debug:sfc_api.obj
 0001:000212e0       sfc_api_break_on_chart_entry 00000001800222e0 f   sfc_debug:sfc_api.obj
 0001:00021300       sfc_api_break_on_event_broadcast 0000000180022300 f   sfc_debug:sfc_api.obj
 0001:00021320       sfc_api_break_on_state_entry 0000000180022320 f   sfc_debug:sfc_api.obj
 0001:00021340       sfc_api_set_watch          0000000180022340 f   sfc_debug:sfc_api.obj
 0001:000213e0       sfc_api_set_breakpoints    00000001800223e0 f   sfc_debug:sfc_api.obj
 0001:00021480       sfc_api_set_eml_breakpoints 0000000180022480 f   sfc_debug:sfc_api.obj
 0001:00021500       sfc_api_set_script_breakpoints 0000000180022500 f   sfc_debug:sfc_api.obj
 0001:00021550       sfc_api_add_script_breakpoints 0000000180022550 f   sfc_debug:sfc_api.obj
 0001:000215a0       sfc_api_clear_script_breakpoints 00000001800225a0 f   sfc_debug:sfc_api.obj
 0001:000215f0       sfc_api_query_script_breakpoints 00000001800225f0 f   sfc_debug:sfc_api.obj
 0001:00021650       sfc_api_get_script_id      0000000180022650 f   sfc_debug:sfc_api.obj
 0001:00021710       sfc_api_get_active_states  0000000180022710 f   sfc_debug:sfc_api.obj
 0001:00021790       sfc_api_break_between_times 0000000180022790 f   sfc_debug:sfc_api.obj
 0001:000217f0       sfc_api_get_instance_handle 00000001800227f0 f   sfc_debug:sfc_api.obj
 0001:000218a0       sfc_api_get_coverage       00000001800228a0 f   sfc_debug:sfc_api.obj
 0001:00021920       sfc_api_set_animation      0000000180022920 f   sfc_debug:sfc_api.obj
 0001:00021970       sfc_api_select_chart       0000000180022970 f   sfc_debug:sfc_api.obj
 0001:000219d0       sfc_api_select_charts      00000001800229d0 f   sfc_debug:sfc_api.obj
 0001:00021a00       sfc_api_cycle_detection_check 0000000180022a00 f   sfc_debug:sfc_api.obj
 0001:00021a50       sfc_api_data_range_check   0000000180022a50 f   sfc_debug:sfc_api.obj
 0001:00021aa0       sfc_api_transition_conflict_check 0000000180022aa0 f   sfc_debug:sfc_api.obj
 0001:00021af0       sfc_api_state_consistency_check 0000000180022af0 f   sfc_debug:sfc_api.obj
 0001:00021b40       sfc_api_set_instance_cv_ids 0000000180022b40 f   sfc_debug:sfc_api.obj
 0001:00021c50       sfc_api_set_script_cv_ids  0000000180022c50 f   sfc_debug:sfc_api.obj
 0001:00021cf0       sfc_api_get_current_machine_id 0000000180022cf0 f   sfc_debug:sfc_api.obj
 0001:00021d20       sfc_api_get_current_machine_number 0000000180022d20 f   sfc_debug:sfc_api.obj
 0001:00021d50       sfc_api_get_current_chart_number 0000000180022d50 f   sfc_debug:sfc_api.obj
 0001:00021d80       sfc_api_get_current_instance_number 0000000180022d80 f   sfc_debug:sfc_api.obj
 0001:00021db0       sfc_api_get_current_instance_handle 0000000180022db0 f   sfc_debug:sfc_api.obj
 0001:00021dd0       sfc_api_get_current_is_minor_time_step 0000000180022dd0 f   sfc_debug:sfc_api.obj
 0001:00021e00       sfc_api_get_current_machine_name 0000000180022e00 f   sfc_debug:sfc_api.obj
 0001:00021e20       sfc_api_get_current_chart_id 0000000180022e20 f   sfc_debug:sfc_api.obj
 0001:00021e50       sfc_api_get_current_object_type 0000000180022e50 f   sfc_debug:sfc_api.obj
 0001:00021e80       sfc_api_get_current_event_type 0000000180022e80 f   sfc_debug:sfc_api.obj
 0001:00021eb0       sfc_api_get_current_object_id 0000000180022eb0 f   sfc_debug:sfc_api.obj
 0001:00021ee0       sfc_get_current_active_event_type 0000000180022ee0 f   sfc_debug:sfc_api.obj
 0001:00021f10       sfc_api_get_current_active_event_id 0000000180022f10 f   sfc_debug:sfc_api.obj
 0001:00021f40       sfc_api_get_current_simulation_time 0000000180022f40 f   sfc_debug:sfc_api.obj
 0001:00021f60       sfc_get_current_tag_type   0000000180022f60 f   sfc_debug:sfc_api.obj
 0001:00021f90       sfc_get_current_coverage_percentage 0000000180022f90 f   sfc_debug:sfc_api.obj
 0001:00021fb0       sfc_get_current_statement_context 0000000180022fb0 f   sfc_debug:sfc_api.obj
 0001:00021fd0       sfc_get_current_optional_integer 0000000180022fd0 f   sfc_debug:sfc_api.obj
 0001:00022000       sfc_get_current_statement_info 0000000180023000 f   sfc_debug:sfc_api.obj
 0001:000220a0       sfc_api_get                00000001800230a0 f   sfc_debug:sfc_api.obj
 0001:00022200       sf_debug_sm_is_using_unified_editors 0000000180023200 f   sfc_debug:sfdb_animation.obj
 0001:000222a0       sf_debug_sm_is_chart_visible_in_unified_editors 00000001800232a0 f   sfc_debug:sfdb_animation.obj
 0001:00022360       sf_debug_sm_check_if_chart_is_visible 0000000180023360 f   sfc_debug:sfdb_animation.obj
 0001:00022e60       sf_debug_sm_fill_state_activity_data 0000000180023e60 f   sfc_debug:sfdb_animation.obj
 0001:00025450       sf_debug_hm_get_simulink_handle 0000000180026450 f   sfc_debug:sfdb_handle_management.obj
 0001:00025fa0       sf_debug_hm_initialize_globals 0000000180026fa0 f   sfc_debug:sfdb_handle_management.obj
 0001:000260a0       sf_debug_hm_get_machine_debug_flag 00000001800270a0 f   sfc_debug:sfdb_handle_management.obj
 0001:00026210       sf_debug_hm_get_machine_id 0000000180027210 f   sfc_debug:sfdb_handle_management.obj
 0001:00026330       sf_debug_hm_get_chart_id   0000000180027330 f   sfc_debug:sfdb_handle_management.obj
 0001:000264d0       sf_debug_hm_register_executing_SFunction 00000001800274d0 f   sfc_debug:sfdb_handle_management.obj
 0001:00026670       sf_debug_hm_get_chart_active_instance 0000000180027670 f   sfc_debug:sfdb_handle_management.obj
 0001:000267e0       sf_debug_hm_get_chart_visibility 00000001800277e0 f   sfc_debug:sfdb_handle_management.obj
 0001:00026930       sf_debug_hm_form_object_boolean_properties 0000000180027930 f   sfc_debug:sfdb_handle_management.obj
 0001:00026c00       sf_debug_hm_form_object_properties 0000000180027c00 f   sfc_debug:sfdb_handle_management.obj
 0001:00026e40       sf_debug_hm_terminate_charts 0000000180027e40 f   sfc_debug:sfdb_handle_management.obj
 0001:000275b0       sf_debug_hm_terminate_machines 00000001800285b0 f   sfc_debug:sfdb_handle_management.obj
 0001:00028ed0       void_ptr_stack_vector_free_total 0000000180029ed0 f   sfc_debug:sfdb_data_browse.obj
 0001:00028f60       sf_debug_st_terminate_machine 0000000180029f60 f   sfc_debug:sfdb_data_browse.obj
 0001:00028fa0       sf_debug_st_terminate_instance 0000000180029fa0 f   sfc_debug:sfdb_data_browse.obj
 0001:00029350       push_on_to_void_ptr_stack  000000018002a350 f   sfc_debug:sfdb_data_browse.obj
 0001:000294e0       pop_from_void_ptr_stack    000000018002a4e0 f   sfc_debug:sfdb_data_browse.obj
 0001:00029610       sf_debug_st_get_data_value 000000018002a610 f   sfc_debug:sfdb_data_browse.obj
 0001:00029ba0       mx_value                   000000018002aba0 f   sfc_debug:sfdb_data_browse.obj
 0001:00029be0       sf_debug_st_fill_data_struct 000000018002abe0 f   sfc_debug:sfdb_data_browse.obj
 0001:00029f20       data_type_format_strings   000000018002af20 f   sfc_debug:sfdb_data_browse.obj
 0001:00029fd0       sf_debug_st_fill_data      000000018002afd0 f   sfc_debug:sfdb_data_browse.obj
 0001:0002b210       sf_debug_ss_copy_dimension 000000018002c210 f   sfc_debug:sfdb_symbol_scope.obj
 0001:0002b2d0       sf_debug_ss_get_number_elements 000000018002c2d0 f   sfc_debug:sfdb_symbol_scope.obj
 0001:0002b2f0       sf_debug_ss_fill_data_struct 000000018002c2f0 f   sfc_debug:sfdb_symbol_scope.obj
 0001:0002b640       sf_debug_ss_reset_data_info 000000018002c640 f   sfc_debug:sfdb_symbol_scope.obj
 0001:0002b6a0       sf_debug_fill_data_info_by_symbol_scope_entry 000000018002c6a0 f   sfc_debug:sfdb_symbol_scope.obj
 0001:0002b760       sf_debug_fill_data_info_by_data_vector 000000018002c760 f   sfc_debug:sfdb_symbol_scope.obj
 0001:0002b9b0       sf_debug_ss_get_data_info  000000018002c9b0 f   sfc_debug:sfdb_symbol_scope.obj
 0001:0002bca0       sf_debug_select_mex_function 000000018002cca0 f   sfc_debug:sfdb_symbol_scope.obj
 0001:0002bcd0       sf_debug_is_dyn_matrix_initialized 000000018002ccd0 f   sfc_debug:sfdb_symbol_scope.obj
 0001:0002bcf0       sf_debug_ss_set_data_value_try 000000018002ccf0 f   sfc_debug:sfdb_symbol_scope.obj
 0001:0002bec0       sf_debug_ss_get_data_value 000000018002cec0 f   sfc_debug:sfdb_symbol_scope.obj
 0001:0002c410       sf_debug_ss_data_bytes_string 000000018002d410 f   sfc_debug:sfdb_symbol_scope.obj
 0001:0002c4c0       sf_debug_ss_data_class_string 000000018002d4c0 f   sfc_debug:sfdb_symbol_scope.obj
 0001:0002c850       sf_debug_ss_data_size_string 000000018002d850 f   sfc_debug:sfdb_symbol_scope.obj
 0001:0002c930       sf_debug_ss_data_create_data_info_struct 000000018002d930 f   sfc_debug:sfdb_symbol_scope.obj
 0001:0002cc00       sf_debug_ss_data_create_name_value_pair 000000018002dc00 f   sfc_debug:sfdb_symbol_scope.obj
 0001:0002cca0       sf_debug_ss_data_get_whos_info 000000018002dca0 f   sfc_debug:sfdb_symbol_scope.obj
 0001:0002ccb0       same_named_data_in_data_array 000000018002dcb0 f   sfc_debug:sfdb_symbol_scope.obj
 0001:0002e520       sf_debug_cc_terminate_chart 000000018002f520 f   sfc_debug:sfdb_coverage.obj
 0001:0002e8c0       sf_debug_cc_terminate_instance 000000018002f8c0 f   sfc_debug:sfdb_coverage.obj
 0001:0002f4b0       sf_debug_cc_mark_object_if_needed 00000001800304b0 f   sfc_debug:sfdb_coverage.obj
 0001:0002f870       sf_debug_cc_fill_transition_coverage_data 0000000180030870 f   sfc_debug:sfdb_coverage.obj
 0001:0002fa00       sf_debug_cc_fill_transition_coverage_map 0000000180030a00 f   sfc_debug:sfdb_coverage.obj
 0001:0002fcb0       sf_debug_cc_fill_state_coverage_map 0000000180030cb0 f   sfc_debug:sfdb_coverage.obj
 0001:0002ff00       sf_debug_cc_fill_state_coverage_data 0000000180030f00 f   sfc_debug:sfdb_coverage.obj
 0001:00030b40       sf_debug_bm_initialize_eml 0000000180031b40 f   sfc_debug:sfdb_breakpoints.obj
 0001:00031cb0       sf_debug_bm_map_debug_tag_to_breakpoint_tag 0000000180032cb0 f   sfc_debug:sfdb_breakpoints.obj
 0001:00031d90       sf_debug_bm_is_a_eml_breakpoint_impl 0000000180032d90 f   sfc_debug:sfdb_breakpoints.obj
 0001:00033810       sf_debug_sc_push_on_error_stack 0000000180034810 f   sfc_debug:sfdb_state_consistency.obj
 0001:00033940       sf_debug_sc_reset_error_stack 0000000180034940 f   sfc_debug:sfdb_state_consistency.obj
 0001:00033ad0       sf_debug_sc_is_state_inconsistent 0000000180034ad0 f   sfc_debug:sfdb_state_consistency.obj
 0001:00033dd0       sf_debug_sc_fill_consistency_info 0000000180034dd0 f   sfc_debug:sfdb_state_consistency.obj
 0001:000343b0       void_assertion_fcn         00000001800353b0 f   sfc_debug:sfdb_call_stack.obj
 0001:00034930       sf_debug_tm_fill_local_trace 0000000180035930 f   sfc_debug:sfdb_call_stack.obj
 0001:00034f00       sf_debug_cd_terminate_instance 0000000180035f00 f   sfc_debug:sfdb_cycle_detection.obj
 0001:00034f60       sf_debug_cd_free_checksum_stack 0000000180035f60 f   sfc_debug:sfdb_cycle_detection.obj
 0001:00034fb0       sf_debug_cd_reset_pack_strings 0000000180035fb0 f   sfc_debug:sfdb_cycle_detection.obj
 0001:00035670       md5file_clear              0000000180036670 f   sfc_debug:ckmd5.obj
 0001:000356a0       Encode                     00000001800366a0 f   sfc_debug:ckmd5.obj
 0001:000356f0       Decode                     00000001800366f0 f   sfc_debug:ckmd5.obj
 0001:00035790       MD5Transform               0000000180036790 f   sfc_debug:ckmd5.obj
 0001:00035fe0       md5file_addn               0000000180036fe0 f   sfc_debug:ckmd5.obj
 0001:000360b0       md5file_hash               00000001800370b0 f   sfc_debug:ckmd5.obj
 0001:00036554       pre_c_init                 0000000180037554 f   MSVCRT:crtdll.obj
 0001:00036810       __DllMainCRTStartup        0000000180037810 f   MSVCRT:crtdll.obj
 0001:00036f10       __DllMainCRTStartup$filt$0 0000000180037f10 f   MSVCRT:crtdll.obj
 0001:00036f40       __DllMainCRTStartup$fin$1  0000000180037f40 f   MSVCRT:crtdll.obj
 0001:00036f5a       _onexit$fin$0              0000000180037f5a f   MSVCRT:atonexit.obj
 0001:00036f80       _IsNonwritableInCurrentImage$filt$0 0000000180037f80 f   MSVCRT:pesect.obj
